
R version 3.6.3 (2020-02-29) -- "Holding the Windsock"
Copyright (C) 2020 The R Foundation for Statistical Computing
Platform: x86_64-apple-darwin15.6.0 (64-bit)

R is free software and comes with ABSOLUTELY NO WARRANTY.
You are welcome to redistribute it under certain conditions.
Type 'license()' or 'licence()' for distribution details.

  Natural language support but running in an English locale

R is a collaborative project with many contributors.
Type 'contributors()' for more information and
'citation()' on how to cite R or R packages in publications.

Type 'demo()' for some demos, 'help()' for on-line help, or
'help.start()' for an HTML browser interface to help.
Type 'q()' to quit R.

> #-------------------------------------------------------------------------------------------
> # Single script to run all other required R scripts, so can be envoked automatically on server using CRON
> #-------------------------------------------------------------------------------------------
> source('boilerplate.R')
Loading required package: SemNetDictionaries

SemNetDictionaries 
For help getting started, see <https://doi.org/10.31234/osf.io/eht87> 

 Submit your own dictionary and moniker glossaries to:
 <https://github.com/AlexChristensen/SemNetDictionaries/issues/new/choose>

SemNetCleaner 
For help getting started, see <https://doi.org/10.31234/osf.io/eht87> 
 For bugs and errors, submit an issue to <https://github.com/AlexChristensen/SemNetCleaner/issues>

WARNING: There have been major updates to the SemNetCleaner package.
 Please see 'Package NEWS' for a detailed list of updates (see 'Changes in version 1.2.0')

> install_phantomjs(force = TRUE)
  % Total    % Received % Xferd  Average Speed   Time    Time     Time  Current
                                 Dload  Upload   Total   Spent    Left  Speed
  0     0    0     0    0     0      0      0 --:--:-- --:--:-- --:--:--     0  0     0    0     0    0     0      0      0 --:--:-- --:--:-- --:--:--     0  0     0    0     0    0     0      0      0 --:--:-- --:--:-- --:--:--     0
100 16.3M  100 16.3M    0     0  16.4M      0 --:--:-- --:--:-- --:--:-- 16.4M
phantomjs has been installed to /Users/admin/Library/Application Support/PhantomJS
> 
> #ud_model <- udpipe_download_model(language = "english", model_dir='../tools/data')
> #ud_model <- udpipe_load_model(ud_model$file_model)
> ud_model <- udpipe_load_model('../tools/data/english-ewt-ud-2.5-191206.udpipe')
> #-------------------------------------------------------------------------------------------
> #correction.tidy()
> Sys.time()
[1] "2023-11-09 02:15:09 GMT"
> source('generate list of UPIs.R')
> Sys.time()
[1] "2023-11-09 02:15:11 GMT"
> source('generate wordcloud for each UPI.R')
[1] "197 UPIs still to do"
[1] "----------------------------------------------------------"
[1] "Attempting JMITC05 1 of 100"
[1] "https://iris.ucl.ac.uk/iris/browse/profile?upi=JMITC05 non-existant"
[1] "https://iris.ucl.ac.uk/iris/browse/profile/researchActivities?upi=JMITC05 non-existant"
[1] "NA or NA page could not be read"
[1] "JMITC05 failed"
[1] "----------------------------------------------------------"
[1] "Attempting FWANG76 2 of 100"
[1] "https://iris.ucl.ac.uk/iris/browse/profile?upi=FWANG76 non-existant"
[1] "https://iris.ucl.ac.uk/iris/browse/profile/researchActivities?upi=FWANG76 non-existant"
[1] "NA or NA page could not be read"
[1] "number of words = 350"
[1] "attempt number 1"
_RegisterApplication(), FAILED TO establish the default connection to the WindowServer, _CGSDefaultConnection() is NULL.
[1] "webshot complete"
[1] "cropping..."
[1] "1.386 is too big, trying again"
[1] "attempt number 2"
_RegisterApplication(), FAILED TO establish the default connection to the WindowServer, _CGSDefaultConnection() is NULL.
[1] "webshot complete"
[1] "cropping..."
[1] "resizing..."
[1] "optipng compression..."
[1] "----------------------------------------------------------"
[1] "Attempting SYOUK97 3 of 100"
[1] "https://iris.ucl.ac.uk/iris/browse/profile?upi=SYOUK97 non-existant"
[1] "https://iris.ucl.ac.uk/iris/browse/profile/researchActivities?upi=SYOUK97 non-existant"
[1] "NA or NA page could not be read"
[1] "SYOUK97 failed"
[1] "----------------------------------------------------------"
[1] "Attempting JABIC12 4 of 100"
[1] "https://iris.ucl.ac.uk/iris/browse/profile?upi=JABIC12 non-existant"
[1] "https://iris.ucl.ac.uk/iris/browse/profile/researchActivities?upi=JABIC12 non-existant"
[1] "NA or NA page could not be read"
[1] "JABIC12 failed"
[1] "----------------------------------------------------------"
[1] "Attempting RBEDI26 5 of 100"
[1] "https://iris.ucl.ac.uk/iris/browse/profile?upi=RBEDI26 non-existant"
[1] "https://iris.ucl.ac.uk/iris/browse/profile/researchActivities?upi=RBEDI26 non-existant"
[1] "NA or NA page could not be read"
[1] "RBEDI26 failed"
[1] "----------------------------------------------------------"
[1] "Attempting GALMA35 6 of 100"
[1] "https://iris.ucl.ac.uk/iris/browse/profile?upi=GALMA35 non-existant"
[1] "https://iris.ucl.ac.uk/iris/browse/profile/researchActivities?upi=GALMA35 non-existant"
[1] "NA or NA page could not be read"
[1] "number of words = 141"
[1] "attempt number 1"
_RegisterApplication(), FAILED TO establish the default connection to the WindowServer, _CGSDefaultConnection() is NULL.
[1] "webshot complete"
[1] "cropping..."
[1] "1.46 is too small, trying again"
[1] "ratio poor, trying again"
[1] "attempt number 2"
_RegisterApplication(), FAILED TO establish the default connection to the WindowServer, _CGSDefaultConnection() is NULL.
[1] "webshot complete"
[1] "cropping..."
[1] "2.19 is too small, trying again"
[1] "attempt number 3"
_RegisterApplication(), FAILED TO establish the default connection to the WindowServer, _CGSDefaultConnection() is NULL.
[1] "webshot complete"
[1] "cropping..."
[1] "3.285 is too small, trying again"
[1] "ratio poor, trying again"
[1] "attempt number 4"
_RegisterApplication(), FAILED TO establish the default connection to the WindowServer, _CGSDefaultConnection() is NULL.
[1] "webshot complete"
[1] "cropping..."
[1] "4.928 is too big, trying again"
[1] "attempt number 5"
_RegisterApplication(), FAILED TO establish the default connection to the WindowServer, _CGSDefaultConnection() is NULL.
[1] "webshot complete"
[1] "cropping..."
[1] "resizing..."
[1] "optipng compression..."
[1] "----------------------------------------------------------"
[1] "Attempting GATTA47 7 of 100"
[1] "https://iris.ucl.ac.uk/iris/browse/profile?upi=GATTA47 non-existant"
[1] "https://iris.ucl.ac.uk/iris/browse/profile/researchActivities?upi=GATTA47 non-existant"
[1] "NA or NA page could not be read"
[1] "number of words = 350"
[1] "attempt number 1"
_RegisterApplication(), FAILED TO establish the default connection to the WindowServer, _CGSDefaultConnection() is NULL.
[1] "webshot complete"
[1] "cropping..."
[1] "1.501 is too small, trying again"
[1] "attempt number 2"
_RegisterApplication(), FAILED TO establish the default connection to the WindowServer, _CGSDefaultConnection() is NULL.
[1] "webshot complete"
[1] "cropping..."
[1] "resizing..."
[1] "optipng compression..."
[1] "----------------------------------------------------------"
[1] "Attempting SFORK35 8 of 100"
[1] "https://iris.ucl.ac.uk/iris/browse/profile?upi=SFORK35 non-existant"
[1] "https://iris.ucl.ac.uk/iris/browse/profile/researchActivities?upi=SFORK35 non-existant"
[1] "NA or NA page could not be read"
[1] "SFORK35 failed"
[1] "----------------------------------------------------------"
[1] "Attempting FPRIE92 9 of 100"
[1] "https://iris.ucl.ac.uk/iris/browse/profile?upi=FPRIE92 non-existant"
[1] "https://iris.ucl.ac.uk/iris/browse/profile/researchActivities?upi=FPRIE92 non-existant"
[1] "NA or NA page could not be read"
[1] "number of words = 144"
[1] "attempt number 1"
_RegisterApplication(), FAILED TO establish the default connection to the WindowServer, _CGSDefaultConnection() is NULL.
[1] "webshot complete"
[1] "cropping..."
[1] "resizing..."
[1] "optipng compression..."
[1] "----------------------------------------------------------"
[1] "Attempting SNOLL35 10 of 100"
[1] "https://iris.ucl.ac.uk/iris/browse/profile?upi=SNOLL35 non-existant"
[1] "https://iris.ucl.ac.uk/iris/browse/profile/researchActivities?upi=SNOLL35 non-existant"
[1] "NA or NA page could not be read"
[1] "SNOLL35 failed"
[1] "----------------------------------------------------------"
[1] "Attempting DWISC52 11 of 100"
[1] "https://iris.ucl.ac.uk/iris/browse/profile?upi=DWISC52 non-existant"
[1] "https://iris.ucl.ac.uk/iris/browse/profile/researchActivities?upi=DWISC52 non-existant"
[1] "NA or NA page could not be read"
[1] "DWISC52 failed"
[1] "----------------------------------------------------------"
[1] "Attempting GUANX27 12 of 100"
[1] "https://iris.ucl.ac.uk/iris/browse/profile?upi=GUANX27 non-existant"
[1] "https://iris.ucl.ac.uk/iris/browse/profile/researchActivities?upi=GUANX27 non-existant"
[1] "NA or NA page could not be read"
[1] "GUANX27 failed"
[1] "----------------------------------------------------------"
[1] "Attempting ADIDU12 13 of 100"
[1] "https://iris.ucl.ac.uk/iris/browse/profile?upi=ADIDU12 non-existant"
[1] "https://iris.ucl.ac.uk/iris/browse/profile/researchActivities?upi=ADIDU12 non-existant"
[1] "NA or NA page could not be read"
[1] "ADIDU12 failed"
[1] "----------------------------------------------------------"
[1] "Attempting LEMCC82 14 of 100"
[1] "https://iris.ucl.ac.uk/iris/browse/profile?upi=LEMCC82 non-existant"
[1] "https://iris.ucl.ac.uk/iris/browse/profile/researchActivities?upi=LEMCC82 non-existant"
[1] "NA or NA page could not be read"
[1] "LEMCC82 failed"
[1] "----------------------------------------------------------"
[1] "Attempting GHLEW69 15 of 100"
[1] "https://iris.ucl.ac.uk/iris/browse/profile?upi=GHLEW69 non-existant"
[1] "https://iris.ucl.ac.uk/iris/browse/profile/researchActivities?upi=GHLEW69 non-existant"
[1] "NA or NA page could not be read"
[1] "number of words = 350"
[1] "attempt number 1"
_RegisterApplication(), FAILED TO establish the default connection to the WindowServer, _CGSDefaultConnection() is NULL.
[1] "webshot complete"
[1] "cropping..."
[1] "1.48 is too small, trying again"
[1] "attempt number 2"
_RegisterApplication(), FAILED TO establish the default connection to the WindowServer, _CGSDefaultConnection() is NULL.
[1] "webshot complete"
[1] "cropping..."
[1] "2.22 is too big, trying again"
[1] "attempt number 3"
_RegisterApplication(), FAILED TO establish the default connection to the WindowServer, _CGSDefaultConnection() is NULL.
[1] "webshot complete"
[1] "cropping..."
[1] "ratio poor, trying again"
[1] "attempt number 4"
_RegisterApplication(), FAILED TO establish the default connection to the WindowServer, _CGSDefaultConnection() is NULL.
[1] "webshot complete"
[1] "cropping..."
[1] "ratio poor, trying again"
[1] "attempt number 5"
_RegisterApplication(), FAILED TO establish the default connection to the WindowServer, _CGSDefaultConnection() is NULL.
[1] "webshot complete"
[1] "cropping..."
[1] "resizing..."
[1] "optipng compression..."
[1] "----------------------------------------------------------"
[1] "Attempting GDAVI32 16 of 100"
[1] "https://iris.ucl.ac.uk/iris/browse/profile?upi=GDAVI32 non-existant"
[1] "https://iris.ucl.ac.uk/iris/browse/profile/researchActivities?upi=GDAVI32 non-existant"
[1] "NA or NA page could not be read"
[1] "number of words = 350"
[1] "attempt number 1"
_RegisterApplication(), FAILED TO establish the default connection to the WindowServer, _CGSDefaultConnection() is NULL.
[1] "webshot complete"
[1] "cropping..."
[1] "resizing..."
[1] "optipng compression..."
[1] "----------------------------------------------------------"
[1] "Attempting STHEB36 17 of 100"
[1] "https://iris.ucl.ac.uk/iris/browse/profile?upi=STHEB36 non-existant"
[1] "https://iris.ucl.ac.uk/iris/browse/profile/researchActivities?upi=STHEB36 non-existant"
[1] "NA or NA page could not be read"
[1] "STHEB36 failed"
[1] "----------------------------------------------------------"
[1] "Attempting DMBUR96 18 of 100"
[1] "https://iris.ucl.ac.uk/iris/browse/profile?upi=DMBUR96 non-existant"
[1] "https://iris.ucl.ac.uk/iris/browse/profile/researchActivities?upi=DMBUR96 non-existant"
[1] "NA or NA page could not be read"
[1] "DMBUR96 failed"
[1] "----------------------------------------------------------"
[1] "Attempting MZBOR62 19 of 100"
[1] "https://iris.ucl.ac.uk/iris/browse/profile?upi=MZBOR62 non-existant"
[1] "https://iris.ucl.ac.uk/iris/browse/profile/researchActivities?upi=MZBOR62 non-existant"
[1] "NA or NA page could not be read"
[1] "MZBOR62 failed"
[1] "----------------------------------------------------------"
[1] "Attempting AZHON10 20 of 100"
[1] "https://iris.ucl.ac.uk/iris/browse/profile?upi=AZHON10 non-existant"
[1] "https://iris.ucl.ac.uk/iris/browse/profile/researchActivities?upi=AZHON10 non-existant"
[1] "NA or NA page could not be read"
[1] "AZHON10 failed"
[1] "----------------------------------------------------------"
[1] "Attempting FCAFF86 21 of 100"
[1] "https://iris.ucl.ac.uk/iris/browse/profile?upi=FCAFF86 non-existant"
[1] "https://iris.ucl.ac.uk/iris/browse/profile/researchActivities?upi=FCAFF86 non-existant"
[1] "NA or NA page could not be read"
[1] "number of words = 350"
[1] "attempt number 1"
_RegisterApplication(), FAILED TO establish the default connection to the WindowServer, _CGSDefaultConnection() is NULL.
[1] "webshot complete"
[1] "cropping..."
[1] "1.508 is too small, trying again"
[1] "attempt number 2"
_RegisterApplication(), FAILED TO establish the default connection to the WindowServer, _CGSDefaultConnection() is NULL.
[1] "webshot complete"
[1] "cropping..."
[1] "resizing..."
[1] "optipng compression..."
[1] "----------------------------------------------------------"
[1] "Attempting LMFOW09 22 of 100"
[1] "https://iris.ucl.ac.uk/iris/browse/profile?upi=LMFOW09 non-existant"
[1] "https://iris.ucl.ac.uk/iris/browse/profile/researchActivities?upi=LMFOW09 non-existant"
[1] "NA or NA page could not be read"
[1] "LMFOW09 failed"
[1] "----------------------------------------------------------"
[1] "Attempting NSHUB90 23 of 100"
[1] "https://iris.ucl.ac.uk/iris/browse/profile?upi=NSHUB90 non-existant"
[1] "https://iris.ucl.ac.uk/iris/browse/profile/researchActivities?upi=NSHUB90 non-existant"
[1] "NA or NA page could not be read"
[1] "NSHUB90 failed"
[1] "----------------------------------------------------------"
[1] "Attempting FKOZI00 24 of 100"
[1] "https://iris.ucl.ac.uk/iris/browse/profile?upi=FKOZI00 non-existant"
[1] "https://iris.ucl.ac.uk/iris/browse/profile/researchActivities?upi=FKOZI00 non-existant"
[1] "NA or NA page could not be read"
[1] "number of words = 349"
[1] "attempt number 1"
_RegisterApplication(), FAILED TO establish the default connection to the WindowServer, _CGSDefaultConnection() is NULL.
[1] "webshot complete"
[1] "cropping..."
[1] "resizing..."
[1] "optipng compression..."
[1] "----------------------------------------------------------"
[1] "Attempting GCAST32 25 of 100"
[1] "https://iris.ucl.ac.uk/iris/browse/profile?upi=GCAST32 non-existant"
[1] "https://iris.ucl.ac.uk/iris/browse/profile/researchActivities?upi=GCAST32 non-existant"
[1] "NA or NA page could not be read"
[1] "number of words = 150"
[1] "attempt number 1"
_RegisterApplication(), FAILED TO establish the default connection to the WindowServer, _CGSDefaultConnection() is NULL.
[1] "webshot complete"
[1] "cropping..."
[1] "ratio poor, trying again"
[1] "attempt number 2"
_RegisterApplication(), FAILED TO establish the default connection to the WindowServer, _CGSDefaultConnection() is NULL.
[1] "webshot complete"
[1] "cropping..."
[1] "1.366 is too small, trying again"
[1] "ratio poor, trying again"
[1] "attempt number 3"
_RegisterApplication(), FAILED TO establish the default connection to the WindowServer, _CGSDefaultConnection() is NULL.
[1] "webshot complete"
[1] "cropping..."
[1] "resizing..."
[1] "optipng compression..."
[1] "----------------------------------------------------------"
[1] "Attempting FBOSI73 26 of 100"
Error in open.connection(x, "rb") : SSLRead() return error -9806
[1] "https://iris.ucl.ac.uk/iris/browse/profile?upi=FBOSI73 non-existant"
[1] "https://iris.ucl.ac.uk/iris/browse/profile/researchActivities?upi=FBOSI73 non-existant"
[1] "NA or NA page could not be read"
Error in if (nrow(freq) < 20) freq <- NULL : argument is of length zero
Calls: source -> withVisible -> eval -> eval
In addition: Warning message:
In .Internal(gc(verbose, reset, full)) :
  closing unused connection 3 (https://discovery.ucl.ac.uk/view/people/FBOSI73.html)
Execution halted
