
R version 3.6.3 (2020-02-29) -- "Holding the Windsock"
Copyright (C) 2020 The R Foundation for Statistical Computing
Platform: x86_64-apple-darwin15.6.0 (64-bit)

R is free software and comes with ABSOLUTELY NO WARRANTY.
You are welcome to redistribute it under certain conditions.
Type 'license()' or 'licence()' for distribution details.

  Natural language support but running in an English locale

R is a collaborative project with many contributors.
Type 'contributors()' for more information and
'citation()' on how to cite R or R packages in publications.

Type 'demo()' for some demos, 'help()' for on-line help, or
'help.start()' for an HTML browser interface to help.
Type 'q()' to quit R.

> #-------------------------------------------------------------------------------------------
> # Single script to run all other required R scripts, so can be envoked automatically on server using CRON
> #-------------------------------------------------------------------------------------------
> source('boilerplate.R')
Loading required package: SemNetDictionaries

SemNetDictionaries 
For help getting started, see <https://doi.org/10.31234/osf.io/eht87> 

 Submit your own dictionary and moniker glossaries to:
 <https://github.com/AlexChristensen/SemNetDictionaries/issues/new/choose>

SemNetCleaner 
For help getting started, see <https://doi.org/10.31234/osf.io/eht87> 
 For bugs and errors, submit an issue to <https://github.com/AlexChristensen/SemNetCleaner/issues>

WARNING: There have been major updates to the SemNetCleaner package.
 Please see 'Package NEWS' for a detailed list of updates (see 'Changes in version 1.2.0')

> install_phantomjs(force = TRUE)
  % Total    % Received % Xferd  Average Speed   Time    Time     Time  Current
                                 Dload  Upload   Total   Spent    Left  Speed
  0     0    0     0    0     0      0      0 --:--:-- --:--:-- --:--:--     0  0     0    0     0    0     0      0      0 --:--:-- --:--:-- --:--:--     0
  0     0    0     0    0     0      0      0 --:--:-- --:--:-- --:--:--     0 49 16.3M   49 8206k    0     0  5394k      0  0:00:03  0:00:01  0:00:02 7577k100 16.3M  100 16.3M    0     0  10.2M      0  0:00:01  0:00:01 --:--:-- 14.1M
phantomjs has been installed to /Users/admin/Library/Application Support/PhantomJS
> 
> #ud_model <- udpipe_download_model(language = "english", model_dir='../tools/data')
> #ud_model <- udpipe_load_model(ud_model$file_model)
> ud_model <- udpipe_load_model('../tools/data/english-ewt-ud-2.5-191206.udpipe')
> #-------------------------------------------------------------------------------------------
> #correction.tidy()
> Sys.time()
[1] "2025-09-21 06:48:11 BST"
> source('generate list of UPIs.R')
> Sys.time()
[1] "2025-09-21 06:48:11 BST"
> source('generate wordcloud for each UPI.R')
[1] "248 UPIs still to do"
[1] "----------------------------------------------------------"
[1] "Attempting JMCNU40 1 of 100"
[1] "JMCNU40 failed"
[1] "----------------------------------------------------------"
[1] "Attempting JDAWS44 2 of 100"
[1] "number of words = 41"
[1] "attempt number 1"
_RegisterApplication(), FAILED TO establish the default connection to the WindowServer, _CGSDefaultConnection() is NULL.
[1] "webshot complete"
[1] "cropping..."
[1] "resizing..."
[1] "optipng compression..."
[1] "----------------------------------------------------------"
[1] "Attempting SMORA75 3 of 100"
[1] "number of words = 21"
[1] "attempt number 1"
_RegisterApplication(), FAILED TO establish the default connection to the WindowServer, _CGSDefaultConnection() is NULL.
[1] "webshot complete"
[1] "cropping..."
[1] "1.305 is too small, trying again"
[1] "ratio poor, trying again"
[1] "attempt number 2"
_RegisterApplication(), FAILED TO establish the default connection to the WindowServer, _CGSDefaultConnection() is NULL.
[1] "webshot complete"
[1] "cropping..."
[1] "resizing..."
[1] "optipng compression..."
[1] "----------------------------------------------------------"
[1] "Attempting AELYN78 4 of 100"
[1] "AELYN78 failed"
[1] "----------------------------------------------------------"
[1] "Attempting MKATH66 5 of 100"
[1] "MKATH66 failed"
[1] "----------------------------------------------------------"
[1] "Attempting CAREE02 6 of 100"
[1] "CAREE02 failed"
[1] "----------------------------------------------------------"
[1] "Attempting GGOOD97 7 of 100"
[1] "number of words = 71"
[1] "attempt number 1"
_RegisterApplication(), FAILED TO establish the default connection to the WindowServer, _CGSDefaultConnection() is NULL.
[1] "webshot complete"
[1] "cropping..."
[1] "ratio poor, trying again"
[1] "attempt number 2"
_RegisterApplication(), FAILED TO establish the default connection to the WindowServer, _CGSDefaultConnection() is NULL.
[1] "webshot complete"
[1] "cropping..."
[1] "resizing..."
[1] "optipng compression..."
[1] "----------------------------------------------------------"
[1] "Attempting TAMEL25 8 of 100"
[1] "number of words = 45"
[1] "attempt number 1"
_RegisterApplication(), FAILED TO establish the default connection to the WindowServer, _CGSDefaultConnection() is NULL.
[1] "webshot complete"
[1] "cropping..."
[1] "resizing..."
[1] "optipng compression..."
[1] "----------------------------------------------------------"
[1] "Attempting TLOEW52 9 of 100"
[1] "TLOEW52 failed"
[1] "----------------------------------------------------------"
[1] "Attempting RBPYN83 10 of 100"
[1] "RBPYN83 failed"
[1] "----------------------------------------------------------"
[1] "Attempting AJCAI19 11 of 100"
[1] "AJCAI19 failed"
[1] "----------------------------------------------------------"
[1] "Attempting MCARP08 12 of 100"
[1] "MCARP08 failed"
[1] "----------------------------------------------------------"
[1] "Attempting ADHOB06 13 of 100"
[1] "ADHOB06 failed"
[1] "----------------------------------------------------------"
[1] "Attempting BSGIL15 14 of 100"
[1] "BSGIL15 failed"
[1] "----------------------------------------------------------"
[1] "Attempting CTGRE98 15 of 100"
[1] "CTGRE98 failed"
[1] "----------------------------------------------------------"
[1] "Attempting AMSTO79 16 of 100"
[1] "number of words = 49"
[1] "attempt number 1"
_RegisterApplication(), FAILED TO establish the default connection to the WindowServer, _CGSDefaultConnection() is NULL.
[1] "webshot complete"
[1] "cropping..."
[1] "resizing..."
[1] "optipng compression..."
[1] "----------------------------------------------------------"
[1] "Attempting TGILM32 17 of 100"
[1] "TGILM32 failed"
[1] "----------------------------------------------------------"
[1] "Attempting DNIKI05 18 of 100"
[1] "number of words = 350"
[1] "attempt number 1"
_RegisterApplication(), FAILED TO establish the default connection to the WindowServer, _CGSDefaultConnection() is NULL.
[1] "webshot complete"
[1] "cropping..."
[1] "resizing..."
[1] "optipng compression..."
[1] "----------------------------------------------------------"
[1] "Attempting JLANG23 19 of 100"
[1] "https://discovery.ucl.ac.uk/id/eprint/10136568/ non-existant"
[1] "page could not be read"
[1] "https://discovery.ucl.ac.uk/id/eprint/10151295/ non-existant"
[1] "page could not be read"
[1] "number of words = 103"
[1] "attempt number 1"
_RegisterApplication(), FAILED TO establish the default connection to the WindowServer, _CGSDefaultConnection() is NULL.
[1] "webshot complete"
[1] "cropping..."
[1] "resizing..."
[1] "optipng compression..."
[1] "----------------------------------------------------------"
[1] "Attempting MALUB54 20 of 100"
[1] "MALUB54 failed"
[1] "----------------------------------------------------------"
[1] "Attempting CBACC54 21 of 100"
[1] "number of words = 350"
[1] "attempt number 1"
_RegisterApplication(), FAILED TO establish the default connection to the WindowServer, _CGSDefaultConnection() is NULL.
[1] "webshot complete"
[1] "cropping..."
[1] "resizing..."
[1] "optipng compression..."
[1] "----------------------------------------------------------"
[1] "Attempting CPEAS90 22 of 100"
[1] "CPEAS90 failed"
[1] "----------------------------------------------------------"
[1] "Attempting LADEN58 23 of 100"
[1] "LADEN58 failed"
[1] "----------------------------------------------------------"
[1] "Attempting PJRAW54 24 of 100"
[1] "PJRAW54 failed"
[1] "----------------------------------------------------------"
[1] "Attempting JESAU69 25 of 100"
[1] "number of words = 130"
[1] "attempt number 1"
_RegisterApplication(), FAILED TO establish the default connection to the WindowServer, _CGSDefaultConnection() is NULL.
[1] "webshot complete"
[1] "cropping..."
[1] "resizing..."
[1] "optipng compression..."
[1] "----------------------------------------------------------"
[1] "Attempting JOBOE65 26 of 100"
[1] "number of words = 350"
[1] "attempt number 1"
_RegisterApplication(), FAILED TO establish the default connection to the WindowServer, _CGSDefaultConnection() is NULL.
[1] "webshot complete"
[1] "cropping..."
[1] "1.477 is too big, trying again"
[1] "attempt number 2"
_RegisterApplication(), FAILED TO establish the default connection to the WindowServer, _CGSDefaultConnection() is NULL.
[1] "webshot complete"
[1] "cropping..."
[1] "resizing..."
[1] "optipng compression..."
[1] "----------------------------------------------------------"
[1] "Attempting RBEDI26 27 of 100"
[1] "RBEDI26 failed"
[1] "----------------------------------------------------------"
[1] "Attempting JFOLK42 28 of 100"
[1] "JFOLK42 failed"
[1] "----------------------------------------------------------"
[1] "Attempting UPRAD41 29 of 100"
Error in open.connection(x, "rb") : SSLRead() return error -9806
Error: $ operator is invalid for atomic vectors
In addition: Warning message:
In .Internal(gc(verbose, reset, full)) :
  closing unused connection 3 (https://discovery.ucl.ac.uk/id/eprint/10155662/)
Execution halted
