
R version 3.6.3 (2020-02-29) -- "Holding the Windsock"
Copyright (C) 2020 The R Foundation for Statistical Computing
Platform: x86_64-apple-darwin15.6.0 (64-bit)

R is free software and comes with ABSOLUTELY NO WARRANTY.
You are welcome to redistribute it under certain conditions.
Type 'license()' or 'licence()' for distribution details.

  Natural language support but running in an English locale

R is a collaborative project with many contributors.
Type 'contributors()' for more information and
'citation()' on how to cite R or R packages in publications.

Type 'demo()' for some demos, 'help()' for on-line help, or
'help.start()' for an HTML browser interface to help.
Type 'q()' to quit R.

> #-------------------------------------------------------------------------------------------
> # Single script to run all other required R scripts, so can be envoked automatically on server using CRON
> #-------------------------------------------------------------------------------------------
> source('boilerplate.R')
Loading required package: SemNetDictionaries

SemNetDictionaries 
For help getting started, see <https://doi.org/10.31234/osf.io/eht87> 

 Submit your own dictionary and moniker glossaries to:
 <https://github.com/AlexChristensen/SemNetDictionaries/issues/new/choose>

SemNetCleaner 
For help getting started, see <https://doi.org/10.31234/osf.io/eht87> 
 For bugs and errors, submit an issue to <https://github.com/AlexChristensen/SemNetCleaner/issues>

WARNING: There have been major updates to the SemNetCleaner package.
 Please see 'Package NEWS' for a detailed list of updates (see 'Changes in version 1.2.0')

> install_phantomjs(force = TRUE)
  % Total    % Received % Xferd  Average Speed   Time    Time     Time  Current
                                 Dload  Upload   Total   Spent    Left  Speed
  0     0    0     0    0     0      0      0 --:--:-- --:--:-- --:--:--     0  0     0    0     0    0     0      0      0 --:--:-- --:--:-- --:--:--     0
  0 16.3M    0     0    0     0      0      0 --:--:-- --:--:-- --:--:--     0100 16.3M  100 16.3M    0     0  13.7M      0  0:00:01  0:00:01 --:--:-- 48.9M
phantomjs has been installed to /Users/admin/Library/Application Support/PhantomJS
> 
> #ud_model <- udpipe_download_model(language = "english", model_dir='../tools/data')
> #ud_model <- udpipe_load_model(ud_model$file_model)
> ud_model <- udpipe_load_model('../tools/data/english-ewt-ud-2.5-191206.udpipe')
> #-------------------------------------------------------------------------------------------
> #correction.tidy()
> Sys.time()
[1] "2025-07-05 06:48:09 BST"
> source('generate list of UPIs.R')
> Sys.time()
[1] "2025-07-05 06:48:10 BST"
> source('generate wordcloud for each UPI.R')
[1] "209 UPIs still to do"
[1] "----------------------------------------------------------"
[1] "Attempting CPRAM80 1 of 100"
[1] "CPRAM80 failed"
[1] "----------------------------------------------------------"
[1] "Attempting ADAMX20 2 of 100"
[1] "number of words = 56"
[1] "attempt number 1"
_RegisterApplication(), FAILED TO establish the default connection to the WindowServer, _CGSDefaultConnection() is NULL.
[1] "webshot complete"
[1] "cropping..."
[1] "ratio poor, trying again"
[1] "attempt number 2"
_RegisterApplication(), FAILED TO establish the default connection to the WindowServer, _CGSDefaultConnection() is NULL.
[1] "webshot complete"
[1] "cropping..."
[1] "resizing..."
[1] "optipng compression..."
[1] "----------------------------------------------------------"
[1] "Attempting OZUBK01 3 of 100"
[1] "number of words = 101"
[1] "attempt number 1"
_RegisterApplication(), FAILED TO establish the default connection to the WindowServer, _CGSDefaultConnection() is NULL.
[1] "webshot complete"
[1] "cropping..."
[1] "resizing..."
[1] "optipng compression..."
[1] "----------------------------------------------------------"
[1] "Attempting SMUIR95 4 of 100"
[1] "SMUIR95 failed"
[1] "----------------------------------------------------------"
[1] "Attempting NARSC69 5 of 100"
[1] "NARSC69 failed"
[1] "----------------------------------------------------------"
[1] "Attempting JJDAV43 6 of 100"
[1] "number of words = 75"
[1] "attempt number 1"
_RegisterApplication(), FAILED TO establish the default connection to the WindowServer, _CGSDefaultConnection() is NULL.
[1] "webshot complete"
[1] "cropping..."
[1] "1.518 is too small, trying again"
[1] "attempt number 2"
_RegisterApplication(), FAILED TO establish the default connection to the WindowServer, _CGSDefaultConnection() is NULL.
[1] "webshot complete"
[1] "cropping..."
[1] "resizing..."
[1] "optipng compression..."
[1] "----------------------------------------------------------"
[1] "Attempting KLALL82 7 of 100"
[1] "KLALL82 failed"
[1] "----------------------------------------------------------"
[1] "Attempting JKWON88 8 of 100"
[1] "JKWON88 failed"
[1] "----------------------------------------------------------"
[1] "Attempting LMFOW09 9 of 100"
[1] "LMFOW09 failed"
[1] "----------------------------------------------------------"
[1] "Attempting apete53 10 of 100"
[1] "number of words = 350"
[1] "attempt number 1"
_RegisterApplication(), FAILED TO establish the default connection to the WindowServer, _CGSDefaultConnection() is NULL.
[1] "webshot complete"
[1] "cropping..."
[1] "resizing..."
[1] "optipng compression..."
[1] "----------------------------------------------------------"
[1] "Attempting ASMIT42 11 of 100"
[1] "ASMIT42 failed"
[1] "----------------------------------------------------------"
[1] "Attempting TGILM32 12 of 100"
[1] "TGILM32 failed"
[1] "----------------------------------------------------------"
[1] "Attempting JMITC05 13 of 100"
[1] "JMITC05 failed"
[1] "----------------------------------------------------------"
[1] "Attempting HKURD68 14 of 100"
[1] "HKURD68 failed"
[1] "----------------------------------------------------------"
[1] "Attempting MCOLL86 15 of 100"
[1] "MCOLL86 failed"
[1] "----------------------------------------------------------"
[1] "Attempting DSHOR81 16 of 100"
[1] "DSHOR81 failed"
[1] "----------------------------------------------------------"
[1] "Attempting EFREE26 17 of 100"
[1] "EFREE26 failed"
[1] "----------------------------------------------------------"
[1] "Attempting BJBOT20 18 of 100"
[1] "number of words = 66"
[1] "attempt number 1"
_RegisterApplication(), FAILED TO establish the default connection to the WindowServer, _CGSDefaultConnection() is NULL.
[1] "webshot complete"
[1] "cropping..."
[1] "1.725 is too small, trying again"
[1] "attempt number 2"
_RegisterApplication(), FAILED TO establish the default connection to the WindowServer, _CGSDefaultConnection() is NULL.
[1] "webshot complete"
[1] "cropping..."
[1] "resizing..."
[1] "optipng compression..."
[1] "----------------------------------------------------------"
[1] "Attempting ALDOW64 19 of 100"
[1] "ALDOW64 failed"
[1] "----------------------------------------------------------"
[1] "Attempting AEGYE98 20 of 100"
[1] "AEGYE98 failed"
[1] "----------------------------------------------------------"
[1] "Attempting JMSTR74 21 of 100"
[1] "JMSTR74 failed"
[1] "----------------------------------------------------------"
[1] "Attempting NVAGD45 22 of 100"
[1] "number of words = 59"
[1] "attempt number 1"
_RegisterApplication(), FAILED TO establish the default connection to the WindowServer, _CGSDefaultConnection() is NULL.
[1] "webshot complete"
[1] "cropping..."
[1] "ratio poor, trying again"
[1] "attempt number 2"
_RegisterApplication(), FAILED TO establish the default connection to the WindowServer, _CGSDefaultConnection() is NULL.
[1] "webshot complete"
[1] "cropping..."
[1] "resizing..."
[1] "optipng compression..."
[1] "----------------------------------------------------------"
[1] "Attempting EBEEC04 23 of 100"
[1] "number of words = 253"
[1] "attempt number 1"
_RegisterApplication(), FAILED TO establish the default connection to the WindowServer, _CGSDefaultConnection() is NULL.
[1] "webshot complete"
[1] "cropping..."
[1] "resizing..."
[1] "optipng compression..."
[1] "----------------------------------------------------------"
[1] "Attempting YQIUD06 24 of 100"
[1] "YQIUD06 failed"
[1] "----------------------------------------------------------"
[1] "Attempting MSPEN99 25 of 100"
[1] "MSPEN99 failed"
[1] "----------------------------------------------------------"
[1] "Attempting ASHEH11 26 of 100"
[1] "number of words = 46"
[1] "attempt number 1"
_RegisterApplication(), FAILED TO establish the default connection to the WindowServer, _CGSDefaultConnection() is NULL.
[1] "webshot complete"
[1] "cropping..."
[1] "1.481 is too small, trying again"
[1] "attempt number 2"
_RegisterApplication(), FAILED TO establish the default connection to the WindowServer, _CGSDefaultConnection() is NULL.
[1] "webshot complete"
[1] "cropping..."
[1] "ratio poor, trying again"
[1] "attempt number 3"
_RegisterApplication(), FAILED TO establish the default connection to the WindowServer, _CGSDefaultConnection() is NULL.
[1] "webshot complete"
[1] "cropping..."
[1] "resizing..."
[1] "optipng compression..."
[1] "----------------------------------------------------------"
[1] "Attempting MSHAB90 27 of 100"
[1] "number of words = 350"
[1] "attempt number 1"
_RegisterApplication(), FAILED TO establish the default connection to the WindowServer, _CGSDefaultConnection() is NULL.
[1] "webshot complete"
[1] "cropping..."
[1] "ratio poor, trying again"
[1] "attempt number 2"
_RegisterApplication(), FAILED TO establish the default connection to the WindowServer, _CGSDefaultConnection() is NULL.
[1] "webshot complete"
[1] "cropping..."
[1] "resizing..."
[1] "optipng compression..."
[1] "----------------------------------------------------------"
[1] "Attempting GUANX27 28 of 100"
[1] "https://discovery.ucl.ac.uk/view/people/GUANX27.html non-existant"
[1] "NA page could not be read"
Error in if (nrow(freq) < 20) freq <- NULL : argument is of length zero
Calls: source -> withVisible -> eval -> eval
Execution halted
