
R version 3.6.3 (2020-02-29) -- "Holding the Windsock"
Copyright (C) 2020 The R Foundation for Statistical Computing
Platform: x86_64-apple-darwin15.6.0 (64-bit)

R is free software and comes with ABSOLUTELY NO WARRANTY.
You are welcome to redistribute it under certain conditions.
Type 'license()' or 'licence()' for distribution details.

  Natural language support but running in an English locale

R is a collaborative project with many contributors.
Type 'contributors()' for more information and
'citation()' on how to cite R or R packages in publications.

Type 'demo()' for some demos, 'help()' for on-line help, or
'help.start()' for an HTML browser interface to help.
Type 'q()' to quit R.

> #-------------------------------------------------------------------------------------------
> # Single script to run all other required R scripts, so can be envoked automatically on server using CRON
> #-------------------------------------------------------------------------------------------
> source('boilerplate.R')
Loading required package: SemNetDictionaries

SemNetDictionaries 
For help getting started, see <https://doi.org/10.31234/osf.io/eht87> 

 Submit your own dictionary and moniker glossaries to:
 <https://github.com/AlexChristensen/SemNetDictionaries/issues/new/choose>

SemNetCleaner 
For help getting started, see <https://doi.org/10.31234/osf.io/eht87> 
 For bugs and errors, submit an issue to <https://github.com/AlexChristensen/SemNetCleaner/issues>

WARNING: There have been major updates to the SemNetCleaner package.
 Please see 'Package NEWS' for a detailed list of updates (see 'Changes in version 1.2.0')

> install_phantomjs(force = TRUE)
  % Total    % Received % Xferd  Average Speed   Time    Time     Time  Current
                                 Dload  Upload   Total   Spent    Left  Speed
  0     0    0     0    0     0      0      0 --:--:-- --:--:-- --:--:--     0  0     0    0     0    0     0      0      0 --:--:-- --:--:-- --:--:--     0  0     0    0     0    0     0      0      0 --:--:-- --:--:-- --:--:--     0
 87 16.3M   87 14.2M    0     0  9966k      0  0:00:01  0:00:01 --:--:-- 9966k100 16.3M  100 16.3M    0     0  10.7M      0  0:00:01  0:00:01 --:--:-- 37.4M
phantomjs has been installed to /Users/admin/Library/Application Support/PhantomJS
> 
> #ud_model <- udpipe_download_model(language = "english", model_dir='../tools/data')
> #ud_model <- udpipe_load_model(ud_model$file_model)
> ud_model <- udpipe_load_model('../tools/data/english-ewt-ud-2.5-191206.udpipe')
> #-------------------------------------------------------------------------------------------
> #correction.tidy()
> Sys.time()
[1] "2023-12-01 02:15:09 GMT"
> source('generate list of UPIs.R')
> Sys.time()
[1] "2023-12-01 02:15:11 GMT"
> source('generate wordcloud for each UPI.R')
[1] "204 UPIs still to do"
[1] "----------------------------------------------------------"
[1] "Attempting IYASI22 1 of 100"
[1] "https://iris.ucl.ac.uk/iris/browse/profile?upi=IYASI22 non-existant"
[1] "https://iris.ucl.ac.uk/iris/browse/profile/researchActivities?upi=IYASI22 non-existant"
[1] "NA or NA page could not be read"
[1] "number of words = 294"
[1] "attempt number 1"
_RegisterApplication(), FAILED TO establish the default connection to the WindowServer, _CGSDefaultConnection() is NULL.
[1] "webshot complete"
[1] "cropping..."
[1] "resizing..."
[1] "optipng compression..."
[1] "----------------------------------------------------------"
[1] "Attempting NBEAG09 2 of 100"
[1] "https://iris.ucl.ac.uk/iris/browse/profile?upi=NBEAG09 non-existant"
[1] "https://iris.ucl.ac.uk/iris/browse/profile/researchActivities?upi=NBEAG09 non-existant"
[1] "NA or NA page could not be read"
[1] "NBEAG09 failed"
[1] "----------------------------------------------------------"
[1] "Attempting AZHON10 3 of 100"
[1] "https://iris.ucl.ac.uk/iris/browse/profile?upi=AZHON10 non-existant"
[1] "https://iris.ucl.ac.uk/iris/browse/profile/researchActivities?upi=AZHON10 non-existant"
[1] "NA or NA page could not be read"
[1] "AZHON10 failed"
[1] "----------------------------------------------------------"
[1] "Attempting SKMOR44 4 of 100"
[1] "https://iris.ucl.ac.uk/iris/browse/profile?upi=SKMOR44 non-existant"
[1] "https://iris.ucl.ac.uk/iris/browse/profile/researchActivities?upi=SKMOR44 non-existant"
[1] "NA or NA page could not be read"
[1] "SKMOR44 failed"
[1] "----------------------------------------------------------"
[1] "Attempting NARSC69 5 of 100"
[1] "https://iris.ucl.ac.uk/iris/browse/profile?upi=NARSC69 non-existant"
[1] "https://iris.ucl.ac.uk/iris/browse/profile/researchActivities?upi=NARSC69 non-existant"
[1] "NA or NA page could not be read"
[1] "NARSC69 failed"
[1] "----------------------------------------------------------"
[1] "Attempting RBEDI26 6 of 100"
[1] "https://iris.ucl.ac.uk/iris/browse/profile?upi=RBEDI26 non-existant"
[1] "https://iris.ucl.ac.uk/iris/browse/profile/researchActivities?upi=RBEDI26 non-existant"
[1] "NA or NA page could not be read"
[1] "RBEDI26 failed"
[1] "----------------------------------------------------------"
[1] "Attempting AMAGU67 7 of 100"
[1] "https://iris.ucl.ac.uk/iris/browse/profile?upi=AMAGU67 non-existant"
[1] "https://iris.ucl.ac.uk/iris/browse/profile/researchActivities?upi=AMAGU67 non-existant"
[1] "NA or NA page could not be read"
[1] "AMAGU67 failed"
[1] "----------------------------------------------------------"
[1] "Attempting FCDEB37 8 of 100"
[1] "https://iris.ucl.ac.uk/iris/browse/profile?upi=FCDEB37 non-existant"
[1] "https://iris.ucl.ac.uk/iris/browse/profile/researchActivities?upi=FCDEB37 non-existant"
[1] "NA or NA page could not be read"
[1] "FCDEB37 failed"
[1] "----------------------------------------------------------"
[1] "Attempting AHOSS11 9 of 100"
[1] "https://iris.ucl.ac.uk/iris/browse/profile?upi=AHOSS11 non-existant"
[1] "https://iris.ucl.ac.uk/iris/browse/profile/researchActivities?upi=AHOSS11 non-existant"
[1] "NA or NA page could not be read"
[1] "AHOSS11 failed"
[1] "----------------------------------------------------------"
[1] "Attempting GEAST73 10 of 100"
[1] "https://iris.ucl.ac.uk/iris/browse/profile?upi=GEAST73 non-existant"
[1] "https://iris.ucl.ac.uk/iris/browse/profile/researchActivities?upi=GEAST73 non-existant"
[1] "NA or NA page could not be read"
[1] "GEAST73 failed"
[1] "----------------------------------------------------------"
[1] "Attempting RWLAN29 11 of 100"
[1] "https://iris.ucl.ac.uk/iris/browse/profile?upi=RWLAN29 non-existant"
[1] "https://iris.ucl.ac.uk/iris/browse/profile/researchActivities?upi=RWLAN29 non-existant"
[1] "NA or NA page could not be read"
[1] "RWLAN29 failed"
[1] "----------------------------------------------------------"
[1] "Attempting ITSOU18 12 of 100"
[1] "https://iris.ucl.ac.uk/iris/browse/profile?upi=ITSOU18 non-existant"
[1] "https://iris.ucl.ac.uk/iris/browse/profile/researchActivities?upi=ITSOU18 non-existant"
[1] "NA or NA page could not be read"
[1] "number of words = 206"
[1] "attempt number 1"
_RegisterApplication(), FAILED TO establish the default connection to the WindowServer, _CGSDefaultConnection() is NULL.
[1] "webshot complete"
[1] "cropping..."
[1] "resizing..."
[1] "optipng compression..."
[1] "----------------------------------------------------------"
[1] "Attempting LADEN58 13 of 100"
[1] "https://iris.ucl.ac.uk/iris/browse/profile?upi=LADEN58 non-existant"
[1] "https://iris.ucl.ac.uk/iris/browse/profile/researchActivities?upi=LADEN58 non-existant"
[1] "NA or NA page could not be read"
[1] "LADEN58 failed"
[1] "----------------------------------------------------------"
[1] "Attempting AWHYS51 14 of 100"
Error in open.connection(x, "rb") : HTTP error 500.
[1] "https://iris.ucl.ac.uk/iris/browse/profile?upi=AWHYS51 non-existant"
[1] "https://iris.ucl.ac.uk/iris/browse/profile/researchActivities?upi=AWHYS51 non-existant"
[1] "NA or NA page could not be read"
Error in if (nrow(freq) < 20) freq <- NULL : argument is of length zero
Calls: source -> withVisible -> eval -> eval
In addition: Warning message:
In .Internal(gc(verbose, reset, full)) :
  closing unused connection 3 (https://discovery.ucl.ac.uk/view/people/AWHYS51.html)
Execution halted
