
R version 3.6.3 (2020-02-29) -- "Holding the Windsock"
Copyright (C) 2020 The R Foundation for Statistical Computing
Platform: x86_64-apple-darwin15.6.0 (64-bit)

R is free software and comes with ABSOLUTELY NO WARRANTY.
You are welcome to redistribute it under certain conditions.
Type 'license()' or 'licence()' for distribution details.

  Natural language support but running in an English locale

R is a collaborative project with many contributors.
Type 'contributors()' for more information and
'citation()' on how to cite R or R packages in publications.

Type 'demo()' for some demos, 'help()' for on-line help, or
'help.start()' for an HTML browser interface to help.
Type 'q()' to quit R.

> #-------------------------------------------------------------------------------------------
> # Single script to run all other required R scripts, so can be envoked automatically on server using CRON
> #-------------------------------------------------------------------------------------------
> source('boilerplate.R')
Loading required package: SemNetDictionaries

SemNetDictionaries 
For help getting started, see <https://doi.org/10.31234/osf.io/eht87> 

 Submit your own dictionary and moniker glossaries to:
 <https://github.com/AlexChristensen/SemNetDictionaries/issues/new/choose>

SemNetCleaner 
For help getting started, see <https://doi.org/10.31234/osf.io/eht87> 
 For bugs and errors, submit an issue to <https://github.com/AlexChristensen/SemNetCleaner/issues>

WARNING: There have been major updates to the SemNetCleaner package.
 Please see 'Package NEWS' for a detailed list of updates (see 'Changes in version 1.2.0')

> install_phantomjs(force = TRUE)
  % Total    % Received % Xferd  Average Speed   Time    Time     Time  Current
                                 Dload  Upload   Total   Spent    Left  Speed
  0     0    0     0    0     0      0      0 --:--:-- --:--:-- --:--:--     0  0     0    0     0    0     0      0      0 --:--:-- --:--:-- --:--:--     0  0     0    0     0    0     0      0      0 --:--:-- --:--:-- --:--:--     0
100 16.3M  100 16.3M    0     0  12.5M      0  0:00:01  0:00:01 --:--:-- 12.5M
phantomjs has been installed to /Users/admin/Library/Application Support/PhantomJS
> 
> #ud_model <- udpipe_download_model(language = "english", model_dir='../tools/data')
> #ud_model <- udpipe_load_model(ud_model$file_model)
> ud_model <- udpipe_load_model('../tools/data/english-ewt-ud-2.5-191206.udpipe')
> #-------------------------------------------------------------------------------------------
> #correction.tidy()
> Sys.time()
[1] "2022-10-14 02:02:09 BST"
> source('generate list of UPIs.R')
> Sys.time()
[1] "2022-10-14 02:02:10 BST"
> source('generate wordcloud for each UPI.R')
[1] "178 UPIs still to do"
[1] "----------------------------------------------------------"
[1] "Attempting ADIDU12 1 of 100"
[1] "ADIDU12 failed"
[1] "----------------------------------------------------------"
[1] "Attempting JMWAR05 2 of 100"
[1] "number of words = 350"
[1] "attempt number 1"
_RegisterApplication(), FAILED TO establish the default connection to the WindowServer, _CGSDefaultConnection() is NULL.
[1] "webshot complete"
[1] "cropping..."
[1] "ratio poor, trying again"
[1] "attempt number 2"
_RegisterApplication(), FAILED TO establish the default connection to the WindowServer, _CGSDefaultConnection() is NULL.
[1] "webshot complete"
[1] "cropping..."
[1] "resizing..."
[1] "optipng compression..."
[1] "----------------------------------------------------------"
[1] "Attempting JMJEN00 3 of 100"
[1] "number of words = 120"
[1] "attempt number 1"
_RegisterApplication(), FAILED TO establish the default connection to the WindowServer, _CGSDefaultConnection() is NULL.
[1] "webshot complete"
[1] "cropping..."
[1] "resizing..."
[1] "optipng compression..."
[1] "----------------------------------------------------------"
[1] "Attempting HGTMA52 4 of 100"
[1] "HGTMA52 failed"
[1] "----------------------------------------------------------"
[1] "Attempting TDUXX93 5 of 100"
[1] "TDUXX93 failed"
[1] "----------------------------------------------------------"
[1] "Attempting NHLAC23 6 of 100"
[1] "NHLAC23 failed"
[1] "----------------------------------------------------------"
[1] "Attempting JDURB46 7 of 100"
[1] "JDURB46 failed"
[1] "----------------------------------------------------------"
[1] "Attempting ASMIT42 8 of 100"
[1] "ASMIT42 failed"
[1] "----------------------------------------------------------"
[1] "Attempting JKWON88 9 of 100"
[1] "JKWON88 failed"
[1] "----------------------------------------------------------"
[1] "Attempting JPBRO93 10 of 100"
[1] "number of words = 201"
[1] "attempt number 1"
_RegisterApplication(), FAILED TO establish the default connection to the WindowServer, _CGSDefaultConnection() is NULL.
[1] "webshot complete"
[1] "cropping..."
[1] "resizing..."
[1] "optipng compression..."
[1] "----------------------------------------------------------"
[1] "Attempting JMKOL12 11 of 100"
[1] "JMKOL12 failed"
[1] "----------------------------------------------------------"
[1] "Attempting NRNTY78 12 of 100"
[1] "NRNTY78 failed"
[1] "----------------------------------------------------------"
[1] "Attempting AMAGE08 13 of 100"
[1] "AMAGE08 failed"
[1] "----------------------------------------------------------"
[1] "Attempting JJCRO10 14 of 100"
[1] "JJCRO10 failed"
[1] "----------------------------------------------------------"
[1] "Attempting RRODR00 15 of 100"
[1] "RRODR00 failed"
[1] "----------------------------------------------------------"
[1] "Attempting PJRAW54 16 of 100"
[1] "PJRAW54 failed"
[1] "----------------------------------------------------------"
[1] "Attempting JGALL27 17 of 100"
[1] "number of words = 106"
[1] "attempt number 1"
_RegisterApplication(), FAILED TO establish the default connection to the WindowServer, _CGSDefaultConnection() is NULL.
[1] "webshot complete"
[1] "cropping..."
[1] "1.543 is too small, trying again"
[1] "ratio poor, trying again"
[1] "attempt number 2"
_RegisterApplication(), FAILED TO establish the default connection to the WindowServer, _CGSDefaultConnection() is NULL.
[1] "webshot complete"
[1] "cropping..."
[1] "resizing..."
[1] "optipng compression..."
[1] "----------------------------------------------------------"
[1] "Attempting SCNOW72 18 of 100"
[1] "SCNOW72 failed"
[1] "----------------------------------------------------------"
[1] "Attempting LBALD29 19 of 100"
[1] "LBALD29 failed"
[1] "----------------------------------------------------------"
[1] "Attempting JPSTE93 20 of 100"
Error in open.connection(x, "rb") : SSLRead() return error -9806
Error: $ operator is invalid for atomic vectors
In addition: Warning message:
In .Internal(gc(verbose, reset, full)) :
  closing unused connection 3 (https://discovery.ucl.ac.uk/id/eprint/10110371/)
Execution halted
