
R version 3.6.3 (2020-02-29) -- "Holding the Windsock"
Copyright (C) 2020 The R Foundation for Statistical Computing
Platform: x86_64-apple-darwin15.6.0 (64-bit)

R is free software and comes with ABSOLUTELY NO WARRANTY.
You are welcome to redistribute it under certain conditions.
Type 'license()' or 'licence()' for distribution details.

  Natural language support but running in an English locale

R is a collaborative project with many contributors.
Type 'contributors()' for more information and
'citation()' on how to cite R or R packages in publications.

Type 'demo()' for some demos, 'help()' for on-line help, or
'help.start()' for an HTML browser interface to help.
Type 'q()' to quit R.

> #-------------------------------------------------------------------------------------------
> # Single script to run all other required R scripts, so can be envoked automatically on server using CRON
> #-------------------------------------------------------------------------------------------
> source('boilerplate.R')
Loading required package: SemNetDictionaries

SemNetDictionaries 
For help getting started, see <https://doi.org/10.31234/osf.io/eht87> 

 Submit your own dictionary and moniker glossaries to:
 <https://github.com/AlexChristensen/SemNetDictionaries/issues/new/choose>

SemNetCleaner 
For help getting started, see <https://doi.org/10.31234/osf.io/eht87> 
 For bugs and errors, submit an issue to <https://github.com/AlexChristensen/SemNetCleaner/issues>

WARNING: There have been major updates to the SemNetCleaner package.
 Please see 'Package NEWS' for a detailed list of updates (see 'Changes in version 1.2.0')

> install_phantomjs(force = TRUE)
  % Total    % Received % Xferd  Average Speed   Time    Time     Time  Current
                                 Dload  Upload   Total   Spent    Left  Speed
  0     0    0     0    0     0      0      0 --:--:-- --:--:-- --:--:--     0  0     0    0     0    0     0      0      0 --:--:-- --:--:-- --:--:--     0  0     0    0     0    0     0      0      0 --:--:-- --:--:-- --:--:--     0
 24 16.3M   24 4096k    0     0  3757k      0  0:00:04  0:00:01  0:00:03 3757k100 16.3M  100 16.3M    0     0  8764k      0  0:00:01  0:00:01 --:--:-- 15.0M
phantomjs has been installed to /Users/admin/Library/Application Support/PhantomJS
> 
> #ud_model <- udpipe_download_model(language = "english", model_dir='../tools/data')
> #ud_model <- udpipe_load_model(ud_model$file_model)
> ud_model <- udpipe_load_model('../tools/data/english-ewt-ud-2.5-191206.udpipe')
> #-------------------------------------------------------------------------------------------
> #correction.tidy()
> Sys.time()
[1] "2022-10-26 02:02:09 BST"
> source('generate list of UPIs.R')
> Sys.time()
[1] "2022-10-26 02:02:11 BST"
> source('generate wordcloud for each UPI.R')
[1] "186 UPIs still to do"
[1] "----------------------------------------------------------"
[1] "Attempting JHEDG94 1 of 100"
[1] "JHEDG94 failed"
[1] "----------------------------------------------------------"
[1] "Attempting DJDEL28 2 of 100"
[1] "DJDEL28 failed"
[1] "----------------------------------------------------------"
[1] "Attempting JBECK21 3 of 100"
[1] "JBECK21 failed"
[1] "----------------------------------------------------------"
[1] "Attempting PELIA07 4 of 100"
[1] "PELIA07 failed"
[1] "----------------------------------------------------------"
[1] "Attempting KMMAI99 5 of 100"
[1] "number of words = 350"
[1] "attempt number 1"
[1] "webshot complete"
[1] "cropping..."
[1] "1.527 is too small, trying again"
[1] "attempt number 2"
[1] "webshot complete"
[1] "cropping..."
[1] "resizing..."
[1] "optipng compression..."
[1] "----------------------------------------------------------"
[1] "Attempting MWCHA98 6 of 100"
[1] "MWCHA98 failed"
[1] "----------------------------------------------------------"
[1] "Attempting KMIER46 7 of 100"
[1] "number of words = 54"
[1] "attempt number 1"
[1] "webshot complete"
[1] "cropping..."
[1] "resizing..."
[1] "optipng compression..."
[1] "----------------------------------------------------------"
[1] "Attempting EPAPP93 8 of 100"
[1] "EPAPP93 failed"
[1] "----------------------------------------------------------"
[1] "Attempting JABIC12 9 of 100"
[1] "JABIC12 failed"
[1] "----------------------------------------------------------"
[1] "Attempting RSHAR29 10 of 100"
[1] "RSHAR29 failed"
[1] "----------------------------------------------------------"
[1] "Attempting KROEX88 11 of 100"
[1] "number of words = 58"
[1] "attempt number 1"
[1] "webshot complete"
[1] "cropping..."
[1] "1.511 is too big, trying again"
[1] "attempt number 2"
[1] "webshot complete"
[1] "cropping..."
[1] "resizing..."
[1] "optipng compression..."
[1] "----------------------------------------------------------"
[1] "Attempting AJSHE38 12 of 100"
[1] "AJSHE38 failed"
[1] "----------------------------------------------------------"
[1] "Attempting KKWON50 13 of 100"
[1] "number of words = 350"
[1] "attempt number 1"
[1] "webshot complete"
[1] "cropping..."
[1] "resizing..."
[1] "optipng compression..."
[1] "----------------------------------------------------------"
[1] "Attempting KRANT96 14 of 100"
[1] "number of words = 196"
[1] "attempt number 1"
[1] "webshot complete"
[1] "cropping..."
[1] "resizing..."
[1] "optipng compression..."
[1] "----------------------------------------------------------"
[1] "Attempting JBENE96 15 of 100"
[1] "JBENE96 failed"
[1] "----------------------------------------------------------"
[1] "Attempting SMUIR95 16 of 100"
[1] "SMUIR95 failed"
[1] "----------------------------------------------------------"
[1] "Attempting JHBOW98 17 of 100"
[1] "JHBOW98 failed"
[1] "----------------------------------------------------------"
[1] "Attempting EMUGW33 18 of 100"
[1] "EMUGW33 failed"
[1] "----------------------------------------------------------"
[1] "Attempting PFVIN22 19 of 100"
[1] "PFVIN22 failed"
[1] "----------------------------------------------------------"
[1] "Attempting KOSTO48 20 of 100"
[1] "number of words = 221"
[1] "attempt number 1"
[1] "webshot complete"
[1] "cropping..."
[1] "resizing..."
[1] "optipng compression..."
[1] "----------------------------------------------------------"
[1] "Attempting LESAC47 21 of 100"
[1] "LESAC47 failed"
[1] "----------------------------------------------------------"
[1] "Attempting IPERD70 22 of 100"
[1] "IPERD70 failed"
[1] "----------------------------------------------------------"
[1] "Attempting AZAMO97 23 of 100"
[1] "AZAMO97 failed"
[1] "----------------------------------------------------------"
[1] "Attempting ZWANG24 24 of 100"
[1] "ZWANG24 failed"
[1] "----------------------------------------------------------"
[1] "Attempting LHOUG31 25 of 100"
[1] "LHOUG31 failed"
[1] "----------------------------------------------------------"
[1] "Attempting MPSKO74 26 of 100"
[1] "MPSKO74 failed"
[1] "----------------------------------------------------------"
[1] "Attempting KMILL65 27 of 100"
[1] "number of words = 350"
[1] "attempt number 1"
[1] "webshot complete"
[1] "cropping..."
[1] "1.39 is too small, trying again"
[1] "attempt number 2"
[1] "webshot complete"
[1] "cropping..."
[1] "resizing..."
[1] "optipng compression..."
[1] "----------------------------------------------------------"
[1] "Attempting LHUBB37 28 of 100"
[1] "LHUBB37 failed"
[1] "----------------------------------------------------------"
[1] "Attempting CEHAW79 29 of 100"
[1] "CEHAW79 failed"
[1] "----------------------------------------------------------"
[1] "Attempting TGILM32 30 of 100"
[1] "TGILM32 failed"
[1] "----------------------------------------------------------"
[1] "Attempting BANDE97 31 of 100"
[1] "BANDE97 failed"
[1] "----------------------------------------------------------"
[1] "Attempting ASMIT42 32 of 100"
[1] "ASMIT42 failed"
[1] "----------------------------------------------------------"
[1] "Attempting ALHIC14 33 of 100"
[1] "ALHIC14 failed"
[1] "----------------------------------------------------------"
[1] "Attempting KMRIT26 34 of 100"
[1] "number of words = 350"
[1] "attempt number 1"
[1] "webshot complete"
[1] "cropping..."
[1] "resizing..."
[1] "optipng compression..."
[1] "----------------------------------------------------------"
[1] "Attempting KEAMO40 35 of 100"
[1] "number of words = 139"
[1] "attempt number 1"
[1] "webshot complete"
[1] "cropping..."
[1] "1.405 is too small, trying again"
[1] "ratio poor, trying again"
[1] "attempt number 2"
[1] "webshot complete"
[1] "cropping..."
[1] "resizing..."
[1] "optipng compression..."
[1] "----------------------------------------------------------"
[1] "Attempting SABEY46 36 of 100"
[1] "SABEY46 failed"
[1] "----------------------------------------------------------"
[1] "Attempting QAFGH31 37 of 100"
[1] "QAFGH31 failed"
[1] "----------------------------------------------------------"
[1] "Attempting GEAST73 38 of 100"
[1] "GEAST73 failed"
[1] "----------------------------------------------------------"
[1] "Attempting HNVAR96 39 of 100"
[1] "HNVAR96 failed"
[1] "----------------------------------------------------------"
[1] "Attempting PMAYR35 40 of 100"
[1] "PMAYR35 failed"
[1] "----------------------------------------------------------"
[1] "Attempting PMRAD16 41 of 100"
[1] "PMRAD16 failed"
[1] "----------------------------------------------------------"
[1] "Attempting SBDHA13 42 of 100"
[1] "SBDHA13 failed"
[1] "----------------------------------------------------------"
[1] "Attempting KMEVA26 43 of 100"
[1] "number of words = 350"
[1] "attempt number 1"
[1] "webshot complete"
[1] "cropping..."
[1] "1.488 is too small, trying again"
[1] "attempt number 2"
[1] "webshot complete"
[1] "cropping..."
[1] "resizing..."
[1] "optipng compression..."
[1] "----------------------------------------------------------"
[1] "Attempting DWISC52 44 of 100"
[1] "DWISC52 failed"
[1] "----------------------------------------------------------"
[1] "Attempting KSAIT59 45 of 100"
[1] "number of words = 350"
[1] "attempt number 1"
[1] "webshot complete"
[1] "cropping..."
[1] "1.355 is too small, trying again"
[1] "ratio poor, trying again"
[1] "attempt number 2"
[1] "webshot complete"
[1] "cropping..."
[1] "resizing..."
[1] "optipng compression..."
[1] "----------------------------------------------------------"
[1] "Attempting JHBUR52 46 of 100"
[1] "JHBUR52 failed"
[1] "----------------------------------------------------------"
[1] "Attempting TODOR42 47 of 100"
[1] "TODOR42 failed"
[1] "----------------------------------------------------------"
[1] "Attempting ASENN06 48 of 100"
[1] "ASENN06 failed"
[1] "----------------------------------------------------------"
[1] "Attempting KPALX06 49 of 100"
[1] "number of words = 350"
[1] "attempt number 1"
[1] "webshot complete"
[1] "cropping..."
[1] "1.502 is too small, trying again"
[1] "ratio poor, trying again"
[1] "attempt number 2"
[1] "webshot complete"
[1] "cropping..."
[1] "ratio poor, trying again"
[1] "attempt number 3"
[1] "webshot complete"
[1] "cropping..."
[1] "resizing..."
[1] "optipng compression..."
[1] "----------------------------------------------------------"
[1] "Attempting AHOSS11 50 of 100"
[1] "AHOSS11 failed"
[1] "----------------------------------------------------------"
[1] "Attempting SKUEP95 51 of 100"
[1] "SKUEP95 failed"
[1] "----------------------------------------------------------"
[1] "Attempting NARSC69 52 of 100"
[1] "NARSC69 failed"
[1] "----------------------------------------------------------"
[1] "Attempting SFORK35 53 of 100"
[1] "SFORK35 failed"
[1] "----------------------------------------------------------"
[1] "Attempting RBEDI26 54 of 100"
[1] "RBEDI26 failed"
[1] "----------------------------------------------------------"
[1] "Attempting AJCAI19 55 of 100"
[1] "AJCAI19 failed"
[1] "----------------------------------------------------------"
[1] "Attempting CORBI02 56 of 100"
[1] "CORBI02 failed"
[1] "----------------------------------------------------------"
[1] "Attempting RMEUN35 57 of 100"
[1] "RMEUN35 failed"
[1] "----------------------------------------------------------"
[1] "Attempting MKORN06 58 of 100"
[1] "MKORN06 failed"
[1] "----------------------------------------------------------"
[1] "Attempting MMKAP60 59 of 100"
[1] "MMKAP60 failed"
[1] "----------------------------------------------------------"
[1] "Attempting ASAHN13 60 of 100"
[1] "ASAHN13 failed"
[1] "----------------------------------------------------------"
[1] "Attempting KNORR90 61 of 100"
[1] "number of words = 345"
[1] "attempt number 1"
[1] "webshot complete"
[1] "cropping..."
[1] "1.459 is too big, trying again"
[1] "attempt number 2"
[1] "webshot complete"
[1] "cropping..."
[1] "resizing..."
[1] "optipng compression..."
[1] "----------------------------------------------------------"
[1] "Attempting JLAFO26 62 of 100"
[1] "JLAFO26 failed"
[1] "----------------------------------------------------------"
[1] "Attempting KOMAS86 63 of 100"
[1] "number of words = 201"
[1] "attempt number 1"
[1] "webshot complete"
[1] "cropping..."
[1] "resizing..."
[1] "optipng compression..."
[1] "----------------------------------------------------------"
[1] "Attempting ASAYG15 64 of 100"
[1] "ASAYG15 failed"
[1] "----------------------------------------------------------"
[1] "Attempting MALUB54 65 of 100"
[1] "MALUB54 failed"
[1] "----------------------------------------------------------"
[1] "Attempting SLUOX44 66 of 100"
[1] "SLUOX44 failed"
[1] "----------------------------------------------------------"
[1] "Attempting NBEAG09 67 of 100"
[1] "NBEAG09 failed"
[1] "----------------------------------------------------------"
[1] "Attempting FCDEB37 68 of 100"
[1] "FCDEB37 failed"
[1] "----------------------------------------------------------"
[1] "Attempting LJMUT51 69 of 100"
[1] "LJMUT51 failed"
[1] "----------------------------------------------------------"
[1] "Attempting CRLIN11 70 of 100"
[1] "CRLIN11 failed"
[1] "----------------------------------------------------------"
[1] "Attempting RJACO13 71 of 100"
[1] "RJACO13 failed"
[1] "----------------------------------------------------------"
[1] "Attempting KHAAG65 72 of 100"
[1] "number of words = 186"
[1] "attempt number 1"
[1] "webshot complete"
[1] "cropping..."
[1] "resizing..."
[1] "optipng compression..."
[1] "----------------------------------------------------------"
[1] "Attempting STHEB36 73 of 100"
[1] "STHEB36 failed"
[1] "----------------------------------------------------------"
[1] "Attempting KPEAR28 74 of 100"
[1] "number of words = 350"
[1] "attempt number 1"
[1] "webshot complete"
[1] "cropping..."
[1] "resizing..."
[1] "optipng compression..."
[1] "----------------------------------------------------------"
[1] "Attempting JKWON88 75 of 100"
[1] "JKWON88 failed"
[1] "----------------------------------------------------------"
[1] "Attempting RWLAN29 76 of 100"
[1] "RWLAN29 failed"
[1] "----------------------------------------------------------"
[1] "Attempting KONTI03 77 of 100"
[1] "number of words = 118"
[1] "attempt number 1"
[1] "webshot complete"
[1] "cropping..."
[1] "resizing..."
[1] "optipng compression..."
[1] "----------------------------------------------------------"
[1] "Attempting LTTAN43 78 of 100"
[1] "LTTAN43 failed"
[1] "----------------------------------------------------------"
[1] "Attempting RRODR00 79 of 100"
[1] "RRODR00 failed"
[1] "----------------------------------------------------------"
[1] "Attempting SCNOW72 80 of 100"
[1] "SCNOW72 failed"
[1] "----------------------------------------------------------"
[1] "Attempting EMROB79 81 of 100"
[1] "EMROB79 failed"
[1] "----------------------------------------------------------"
[1] "Attempting DNOPC41 82 of 100"
[1] "number of words = 70"
[1] "attempt number 1"
[1] "webshot complete"
[1] "cropping..."
[1] "ratio poor, trying again"
[1] "attempt number 2"
[1] "webshot complete"
[1] "cropping..."
[1] "resizing..."
[1] "optipng compression..."
[1] "----------------------------------------------------------"
[1] "Attempting SSAID76 83 of 100"
[1] "SSAID76 failed"
[1] "----------------------------------------------------------"
[1] "Attempting NCONN12 84 of 100"
[1] "NCONN12 failed"
[1] "----------------------------------------------------------"
[1] "Attempting EPALA96 85 of 100"
[1] "EPALA96 failed"
[1] "----------------------------------------------------------"
[1] "Attempting LAJHU40 86 of 100"
[1] "LAJHU40 failed"
[1] "----------------------------------------------------------"
[1] "Attempting KKAPO13 87 of 100"
[1] "number of words = 34"
[1] "attempt number 1"
[1] "webshot complete"
[1] "cropping..."
[1] "1.414 is too big, trying again"
[1] "attempt number 2"
[1] "webshot complete"
[1] "cropping..."
[1] "1.131 is too big, trying again"
[1] "attempt number 3"
[1] "webshot complete"
[1] "cropping..."
[1] "resizing..."
[1] "optipng compression..."
[1] "----------------------------------------------------------"
[1] "Attempting HGRAH22 88 of 100"
[1] "HGRAH22 failed"
[1] "----------------------------------------------------------"
[1] "Attempting JDMUL65 89 of 100"
[1] "JDMUL65 failed"
[1] "----------------------------------------------------------"
[1] "Attempting JWILA28 90 of 100"
[1] "number of words = 28"
[1] "attempt number 1"
[1] "webshot complete"
[1] "cropping..."
[1] "1.294 is too small, trying again"
[1] "attempt number 2"
[1] "webshot complete"
[1] "cropping..."
[1] "resizing..."
[1] "optipng compression..."
[1] "----------------------------------------------------------"
[1] "Attempting KROMB89 91 of 100"
[1] "number of words = 350"
[1] "attempt number 1"
[1] "webshot complete"
[1] "cropping..."
[1] "resizing..."
[1] "optipng compression..."
[1] "----------------------------------------------------------"
[1] "Attempting KPETR03 92 of 100"
[1] "number of words = 350"
[1] "attempt number 1"
[1] "webshot complete"
[1] "cropping..."
[1] "ratio poor, trying again"
[1] "attempt number 2"
[1] "webshot complete"
[1] "cropping..."
[1] "resizing..."
[1] "optipng compression..."
[1] "----------------------------------------------------------"
[1] "Attempting KLYON56 93 of 100"
[1] "number of words = 350"
[1] "attempt number 1"
[1] "webshot complete"
[1] "cropping..."
[1] "1.474 is too small, trying again"
[1] "ratio poor, trying again"
[1] "attempt number 2"
[1] "webshot complete"
[1] "cropping..."
[1] "resizing..."
[1] "optipng compression..."
[1] "----------------------------------------------------------"
[1] "Attempting KHYIP29 94 of 100"
[1] "number of words = 225"
[1] "attempt number 1"
[1] "webshot complete"
[1] "cropping..."
[1] "resizing..."
[1] "optipng compression..."
[1] "----------------------------------------------------------"
[1] "Attempting DIASR70 95 of 100"
[1] "DIASR70 failed"
[1] "----------------------------------------------------------"
[1] "Attempting CPEAS90 96 of 100"
[1] "CPEAS90 failed"
[1] "----------------------------------------------------------"
[1] "Attempting AMALI63 97 of 100"
[1] "AMALI63 failed"
[1] "----------------------------------------------------------"
[1] "Attempting KLUOX54 98 of 100"
[1] "number of words = 350"
[1] "attempt number 1"
[1] "webshot complete"
[1] "cropping..."
[1] "resizing..."
[1] "optipng compression..."
[1] "----------------------------------------------------------"
[1] "Attempting MGDOE34 99 of 100"
[1] "MGDOE34 failed"
[1] "----------------------------------------------------------"
[1] "Attempting KDONO56 100 of 100"
[1] "number of words = 144"
[1] "attempt number 1"
[1] "webshot complete"
[1] "cropping..."
[1] "resizing..."
[1] "optipng compression..."
> Sys.time()
[1] "2022-10-26 02:59:12 BST"
> source('generate list of department codes.R')
> Sys.time()
[1] "2022-10-26 03:00:02 BST"
> source('generate wordcloud for each department.R')
[1] "0 departments still to do"
[1] "----------------------------------------------------------"
[1] "Attempting F82 1 of 5"
[1] "pulling data for F82 ......."
[1] "number of words = 350"
[1] "attempt number 1"
[1] "webshot complete"
[1] "cropping..."
[1] "resizing..."
[1] "optipng compression..."
[1] "----------------------------------------------------------"
[1] "Attempting F77 2 of 5"
[1] "pulling data for F77 ......."
[1] "number of words = 350"
[1] "attempt number 1"
[1] "webshot complete"
[1] "cropping..."
[1] "resizing..."
[1] "optipng compression..."
[1] "----------------------------------------------------------"
[1] "Attempting F83 3 of 5"
[1] "pulling data for F83 ......."
[1] "number of words = 350"
[1] "attempt number 1"
[1] "webshot complete"
[1] "cropping..."
[1] "1.48 is too big, trying again"
[1] "attempt number 2"
[1] "webshot complete"
[1] "cropping..."
[1] "1.184 is too big, trying again"
[1] "attempt number 3"
[1] "webshot complete"
[1] "cropping..."
[1] "resizing..."
[1] "optipng compression..."
[1] "----------------------------------------------------------"
[1] "Attempting F81 4 of 5"
[1] "pulling data for F81 ......."
[1] "number of words = 350"
[1] "attempt number 1"
[1] "webshot complete"
[1] "cropping..."
[1] "resizing..."
[1] "optipng compression..."
[1] "----------------------------------------------------------"
[1] "Attempting F60 5 of 5"
[1] "pulling data for F60 ......."
[1] "number of words = 345"
[1] "attempt number 1"
[1] "webshot complete"
[1] "cropping..."
[1] "1.564 is too big, trying again"
[1] "attempt number 2"
[1] "webshot complete"
[1] "cropping..."
[1] "resizing..."
[1] "optipng compression..."
> Sys.time()
[1] "2022-10-26 10:06:08 BST"
> #-------------------------------------------------------------------------------------------
> 
> #-------------------------------------------------------------------------------------------
> 
> 
> 
> 
> 
> 
> 
> 
> 
> 
> 
> 
> 
> 
> 
> 
> 
> 
> 
> 
> proc.time()
     user    system   elapsed 
 9794.630   489.325 29047.217 
