
R version 3.6.3 (2020-02-29) -- "Holding the Windsock"
Copyright (C) 2020 The R Foundation for Statistical Computing
Platform: x86_64-apple-darwin15.6.0 (64-bit)

R is free software and comes with ABSOLUTELY NO WARRANTY.
You are welcome to redistribute it under certain conditions.
Type 'license()' or 'licence()' for distribution details.

  Natural language support but running in an English locale

R is a collaborative project with many contributors.
Type 'contributors()' for more information and
'citation()' on how to cite R or R packages in publications.

Type 'demo()' for some demos, 'help()' for on-line help, or
'help.start()' for an HTML browser interface to help.
Type 'q()' to quit R.

> #-------------------------------------------------------------------------------------------
> # Single script to run all other required R scripts, so can be envoked automatically on server using CRON
> #-------------------------------------------------------------------------------------------
> source('boilerplate.R')
Loading required package: SemNetDictionaries

SemNetDictionaries 
For help getting started, see <https://doi.org/10.31234/osf.io/eht87> 

 Submit your own dictionary and moniker glossaries to:
 <https://github.com/AlexChristensen/SemNetDictionaries/issues/new/choose>

SemNetCleaner 
For help getting started, see <https://doi.org/10.31234/osf.io/eht87> 
 For bugs and errors, submit an issue to <https://github.com/AlexChristensen/SemNetCleaner/issues>

WARNING: There have been major updates to the SemNetCleaner package.
 Please see 'Package NEWS' for a detailed list of updates (see 'Changes in version 1.2.0')

> install_phantomjs(force = TRUE)
  % Total    % Received % Xferd  Average Speed   Time    Time     Time  Current
                                 Dload  Upload   Total   Spent    Left  Speed
  0     0    0     0    0     0      0      0 --:--:-- --:--:-- --:--:--     0  0     0    0     0    0     0      0      0 --:--:-- --:--:-- --:--:--     0
 48 16.3M   48 8205k    0     0  7974k      0  0:00:02  0:00:01  0:00:01 7974k100 16.3M  100 16.3M    0     0  13.9M      0  0:00:01  0:00:01 --:--:-- 57.1M
phantomjs has been installed to /Users/admin/Library/Application Support/PhantomJS
> 
> #ud_model <- udpipe_download_model(language = "english", model_dir='../tools/data')
> #ud_model <- udpipe_load_model(ud_model$file_model)
> ud_model <- udpipe_load_model('../tools/data/english-ewt-ud-2.5-191206.udpipe')
> #-------------------------------------------------------------------------------------------
> #correction.tidy()
> Sys.time()
[1] "2025-10-31 06:48:10 GMT"
> source('generate list of UPIs.R')
> Sys.time()
[1] "2025-10-31 06:48:11 GMT"
> source('generate wordcloud for each UPI.R')
[1] "225 UPIs still to do"
[1] "----------------------------------------------------------"
[1] "Attempting ILSKN92 1 of 100"
[1] "ILSKN92 failed"
[1] "----------------------------------------------------------"
[1] "Attempting SLWAT72 2 of 100"
[1] "number of words = 30"
[1] "attempt number 1"
_RegisterApplication(), FAILED TO establish the default connection to the WindowServer, _CGSDefaultConnection() is NULL.
[1] "webshot complete"
[1] "cropping..."
[1] "resizing..."
[1] "optipng compression..."
[1] "----------------------------------------------------------"
[1] "Attempting JJCRO10 3 of 100"
[1] "JJCRO10 failed"
[1] "----------------------------------------------------------"
[1] "Attempting MFIER95 4 of 100"
[1] "number of words = 278"
[1] "attempt number 1"
_RegisterApplication(), FAILED TO establish the default connection to the WindowServer, _CGSDefaultConnection() is NULL.
[1] "webshot complete"
[1] "cropping..."
[1] "1.45 is too small, trying again"
[1] "attempt number 2"
_RegisterApplication(), FAILED TO establish the default connection to the WindowServer, _CGSDefaultConnection() is NULL.
[1] "webshot complete"
[1] "cropping..."
[1] "resizing..."
[1] "optipng compression..."
[1] "----------------------------------------------------------"
[1] "Attempting PJRAW54 5 of 100"
[1] "PJRAW54 failed"
[1] "----------------------------------------------------------"
[1] "Attempting JEGRA41 6 of 100"
[1] "number of words = 106"
[1] "attempt number 1"
_RegisterApplication(), FAILED TO establish the default connection to the WindowServer, _CGSDefaultConnection() is NULL.
[1] "webshot complete"
[1] "cropping..."
[1] "1.102 is too small, trying again"
[1] "attempt number 2"
_RegisterApplication(), FAILED TO establish the default connection to the WindowServer, _CGSDefaultConnection() is NULL.
[1] "webshot complete"
[1] "cropping..."
[1] "resizing..."
[1] "optipng compression..."
[1] "----------------------------------------------------------"
[1] "Attempting MKATH66 7 of 100"
[1] "MKATH66 failed"
[1] "----------------------------------------------------------"
[1] "Attempting EGHAR67 8 of 100"
[1] "EGHAR67 failed"
[1] "----------------------------------------------------------"
[1] "Attempting ECOUR66 9 of 100"
[1] "number of words = 67"
[1] "attempt number 1"
_RegisterApplication(), FAILED TO establish the default connection to the WindowServer, _CGSDefaultConnection() is NULL.
[1] "webshot complete"
[1] "cropping..."
[1] "1.296 is too small, trying again"
[1] "attempt number 2"
_RegisterApplication(), FAILED TO establish the default connection to the WindowServer, _CGSDefaultConnection() is NULL.
[1] "webshot complete"
[1] "cropping..."
[1] "ratio poor, trying again"
[1] "attempt number 3"
_RegisterApplication(), FAILED TO establish the default connection to the WindowServer, _CGSDefaultConnection() is NULL.
[1] "webshot complete"
[1] "cropping..."
[1] "resizing..."
[1] "optipng compression..."
[1] "----------------------------------------------------------"
[1] "Attempting MZBOR62 10 of 100"
Error in open.connection(x, "rb") : SSLRead() return error -9806
[1] "https://iris.ucl.ac.uk/iris/browse/profile?upi=MZBOR62 non-existant"
[1] "NA or <!DOCTYPE html>\n<!-- image: web-v6.21.0.4 --><!-- hash: d8005d77e0d456e2a241e58fef2deb0e2787c38d --><!-- Inter font is copyright (c) 2016 The Inter Project Authors (https://github.com/rsms/inter), included under the SIL license: https://openfontlicense.org/documents/OFL.txt. --><!-- Barlow Condensed font is copyright 2017 The Barlow Project Authors (https://github.com/jpt/barlow), included under the SIL license: https://openfontlicense.org/documents/OFL.txt. --><!-- Poppins font is copyright 2014-2019 Indian Type Foundry (info@indiantypefoundry.com), included under the SIL license: https://openfontlicense.org/documents/OFL.txt. --><!-- Montserrat font is copyright 2011 The Montserrat Project Authors (https://github.com/JulietaUla/Montserrat), included under the SIL license: https://openfontlicense.org/documents/OFL.txt. --><!-- blue --><html lang=\"en\">\n<head>\n<meta http-equiv=\"Content-Type\" content=\"text/html; charset=UTF-8\">\n<meta http-equiv=\"X-UA-Compatible\" content=\"IE=edge\">\n<meta charset=\"UTF-8\">\n<meta name=\"viewport\" content=\"width=device-width, initial-scale=1.0, maximum-scale=5.0\">\n<meta name=\"theme-color\" content=\"#ffffff\">\n<title>Discovery</title>\n<link href=\"/css/app.css\" rel=\"stylesheet\" type=\"text/css\">\n<link rel=\"icon\" type=\"image/x-icon\" href=\"data:image/x-icon;base64,AAABAAEAEBAAAAEAGABoAwAAFgAAACgAAAAQAAAAIAAAAAEAGAAAAAAAAAAAACMuAAAjLgAAAAAAAAAAAABPpvNPpvNPpvNPpvNPpvNPpvNPpvNPpvNPpvNPpvNPpvNPpvNPpvNPpvNPpvNPpvNPpvNPpvNPpvNPpvNPpvNPpvNPpvNPpvNPpvNPpvNPpvNPpvNPpvNPpvNPpvNPpvNPpvNPpvNPpvNPpvNPpvNPpvNPpvNPpvNPpvNPpvNPpvNPpvNPpvNPpvNPpvNPpvNPpvNPpvNPpvNPpvNPpvNPpvNPpvNPpvNPpvNPpvNPpvNPpvNPpvNPpvNPpvNPpvNPpvNPpvNPpvNPpvNPpvNPpvNPpvNPpvNPpvNPpvNPpvNPpvNPpvNPpvNPpvNPpvNPpvNPpvNPpvNPpvNPpvNPpvNPpvNPpvNPpvNPpvNPpvNPpvNPpvNPpvNPpvNPpvMAAAAAAAAhgtVPpvNPpvMhgtUAAAAhgtVPpvNPpvMhgtUAAABPpvNPpvNPpvMAAAAAAAAAAABPpvMAAAAAAABPpvMAAABPpvMAAAAAAABPpvMAAABPpvMAAAAAAAAAAAAAAAAAAABPpvMAAAAAAABPpvMAAABPpvMAAAAAAAAAAAAAAABPpvMAAAAAAAAAAAAAAAAAAABPpvMAAAAAAABPpvMAAABPpvMAAAAAAABPpvMAAABPpvMAAAAAAAAAAABPpvMAAABPpvMAAAAAAABPpvMAAAAhgtVPpvNPpvMhgtUAAABPpvMAAAAAAAAAAAAAAAAAAAAAAAAAAAAAAAAAAAAAAAAAAAAAAAAAAAAAAAAAAAAAAAAAAAAAAAAAAAAAAAAAAAAAAAAAAAAAAAAAAAAAAAAAAAAAAAAAAAAAAAAAAAAAAAAAAAAAAAAAAAAAAAAAAAAAAAAAAAAAAAAAAAAAAAAAAAAAAAAAAAAAAAAAAAAAAAAAAAAAAAAAAAAAAAAAAAAAAAAAAAAAAAAAAAAAAAAAAAAAAAAAAAAAAAAAAAAAAAAAAAAAAAAAAAAAAAAAAAAAAAAAAAAAAAAAAAAAAAAAAAAAAAAAAAAAAAAAAAAAAAAAAAAAAAAAAAAAAAAAAAAAAAAAAAAAAAAAAAAAAAAAAAAAAAAAAAAAAAAAAAAAAAAAAAAAAAAAAAAAAAAAAAAAAAAAAAAAAAAA\">\n</head>\n<body style=\"--logoHeight:70px;--logoVerticalMargins:7px;--homeBackgroundDesktopOverlayOpacity:0.17;--homeBackgroundDesktopUrl:url(/branding/homeBackgroundDesktop);--homeBackgroundMobileUrl:url(/branding/homeBackgroundMobile);--searchBackgroundUrl:url(/branding/searchBackground);--colourPrimary:#500778;--colourPrimaryPair1Background:#eee6f2;--colourPrimaryPair1Foreground:#733993;--colourPrimaryPair2Background:#e1d5e8;--colourPrimaryPair2Foreground:#622086;--colourSecondary:#5c7b82;--colourSecondaryPair1Background:#eff2f3;--colourSecondaryPair1Foreground:#4e696f;--colourSecondaryPair2Background:#e3e9ea;--colourSecondaryPair2Foreground:#455c62;\" class=\"lightMode\" id=\"portalTarget\">\n\t\t<div id=\"app\"></div>\n\t\t<script src=\"/javascript/configuration.js\"></script><script src=\"/javascript/client.js\"></script>\n</body>\n</html>\n page could not be read"
Error in if (nrow(freq) < 20) freq <- NULL : argument is of length zero
Calls: source -> withVisible -> eval -> eval
In addition: Warning message:
In .Internal(gc(verbose, reset, full)) :
  closing unused connection 3 (https://discovery.ucl.ac.uk/view/people/MZBOR62.html)
Execution halted
