
R version 3.6.3 (2020-02-29) -- "Holding the Windsock"
Copyright (C) 2020 The R Foundation for Statistical Computing
Platform: x86_64-apple-darwin15.6.0 (64-bit)

R is free software and comes with ABSOLUTELY NO WARRANTY.
You are welcome to redistribute it under certain conditions.
Type 'license()' or 'licence()' for distribution details.

  Natural language support but running in an English locale

R is a collaborative project with many contributors.
Type 'contributors()' for more information and
'citation()' on how to cite R or R packages in publications.

Type 'demo()' for some demos, 'help()' for on-line help, or
'help.start()' for an HTML browser interface to help.
Type 'q()' to quit R.

> #-------------------------------------------------------------------------------------------
> # Single script to run all other required R scripts, so can be envoked automatically on server using CRON
> #-------------------------------------------------------------------------------------------
> source('boilerplate.R')
Loading required package: SemNetDictionaries

SemNetDictionaries 
For help getting started, see <https://doi.org/10.31234/osf.io/eht87> 

 Submit your own dictionary and moniker glossaries to:
 <https://github.com/AlexChristensen/SemNetDictionaries/issues/new/choose>

SemNetCleaner 
For help getting started, see <https://doi.org/10.31234/osf.io/eht87> 
 For bugs and errors, submit an issue to <https://github.com/AlexChristensen/SemNetCleaner/issues>

WARNING: There have been major updates to the SemNetCleaner package.
 Please see 'Package NEWS' for a detailed list of updates (see 'Changes in version 1.2.0')

> install_phantomjs(force = TRUE)
  % Total    % Received % Xferd  Average Speed   Time    Time     Time  Current
                                 Dload  Upload   Total   Spent    Left  Speed
  0     0    0     0    0     0      0      0 --:--:-- --:--:-- --:--:--     0  0     0    0     0    0     0      0      0 --:--:-- --:--:-- --:--:--     0
  0     0    0     0    0     0      0      0 --:--:-- --:--:-- --:--:--     0100 16.3M  100 16.3M    0     0  15.3M      0  0:00:01  0:00:01 --:--:-- 26.8M
phantomjs has been installed to /Users/admin/Library/Application Support/PhantomJS
> 
> #ud_model <- udpipe_download_model(language = "english", model_dir='../tools/data')
> #ud_model <- udpipe_load_model(ud_model$file_model)
> ud_model <- udpipe_load_model('../tools/data/english-ewt-ud-2.5-191206.udpipe')
> #-------------------------------------------------------------------------------------------
> #correction.tidy()
> Sys.time()
[1] "2025-07-08 06:48:09 BST"
> source('generate list of UPIs.R')
> Sys.time()
[1] "2025-07-08 06:48:10 BST"
> source('generate wordcloud for each UPI.R')
[1] "211 UPIs still to do"
[1] "----------------------------------------------------------"
[1] "Attempting NARSC69 1 of 100"
[1] "NARSC69 failed"
[1] "----------------------------------------------------------"
[1] "Attempting RPRAN94 2 of 100"
[1] "RPRAN94 failed"
[1] "----------------------------------------------------------"
[1] "Attempting EMUGW33 3 of 100"
[1] "EMUGW33 failed"
[1] "----------------------------------------------------------"
[1] "Attempting SHBAG39 4 of 100"
[1] "number of words = 237"
[1] "attempt number 1"
_RegisterApplication(), FAILED TO establish the default connection to the WindowServer, _CGSDefaultConnection() is NULL.
[1] "webshot complete"
[1] "cropping..."
[1] "1.532 is too small, trying again"
[1] "attempt number 2"
_RegisterApplication(), FAILED TO establish the default connection to the WindowServer, _CGSDefaultConnection() is NULL.
[1] "webshot complete"
[1] "cropping..."
[1] "resizing..."
[1] "optipng compression..."
[1] "----------------------------------------------------------"
[1] "Attempting SAROB24 5 of 100"
[1] "number of words = 22"
[1] "attempt number 1"
_RegisterApplication(), FAILED TO establish the default connection to the WindowServer, _CGSDefaultConnection() is NULL.
[1] "webshot complete"
[1] "cropping..."
[1] "resizing..."
[1] "optipng compression..."
[1] "----------------------------------------------------------"
[1] "Attempting SMUIR95 6 of 100"
[1] "SMUIR95 failed"
[1] "----------------------------------------------------------"
[1] "Attempting ARENW09 7 of 100"
[1] "number of words = 205"
[1] "attempt number 1"
_RegisterApplication(), FAILED TO establish the default connection to the WindowServer, _CGSDefaultConnection() is NULL.
[1] "webshot complete"
[1] "cropping..."
[1] "1.462 is too small, trying again"
[1] "attempt number 2"
_RegisterApplication(), FAILED TO establish the default connection to the WindowServer, _CGSDefaultConnection() is NULL.
[1] "webshot complete"
[1] "cropping..."
[1] "resizing..."
[1] "optipng compression..."
[1] "----------------------------------------------------------"
[1] "Attempting SLUOX44 8 of 100"
[1] "SLUOX44 failed"
[1] "----------------------------------------------------------"
[1] "Attempting TLOEW52 9 of 100"
[1] "TLOEW52 failed"
[1] "----------------------------------------------------------"
[1] "Attempting RKADO39 10 of 100"
[1] "number of words = 32"
[1] "attempt number 1"
_RegisterApplication(), FAILED TO establish the default connection to the WindowServer, _CGSDefaultConnection() is NULL.
[1] "webshot complete"
[1] "cropping..."
[1] "ratio poor, trying again"
[1] "attempt number 2"
_RegisterApplication(), FAILED TO establish the default connection to the WindowServer, _CGSDefaultConnection() is NULL.
[1] "webshot complete"
[1] "cropping..."
[1] "resizing..."
[1] "optipng compression..."
[1] "----------------------------------------------------------"
[1] "Attempting DCHEA05 11 of 100"
[1] "DCHEA05 failed"
[1] "----------------------------------------------------------"
[1] "Attempting LJMUT51 12 of 100"
[1] "LJMUT51 failed"
[1] "----------------------------------------------------------"
[1] "Attempting ASKAN34 13 of 100"
[1] "number of words = 76"
[1] "attempt number 1"
_RegisterApplication(), FAILED TO establish the default connection to the WindowServer, _CGSDefaultConnection() is NULL.
[1] "webshot complete"
[1] "cropping..."
[1] "resizing..."
[1] "optipng compression..."
[1] "----------------------------------------------------------"
[1] "Attempting PFVIN22 14 of 100"
[1] "PFVIN22 failed"
[1] "----------------------------------------------------------"
[1] "Attempting JWILT32 15 of 100"
[1] "JWILT32 failed"
[1] "----------------------------------------------------------"
[1] "Attempting TBIBB54 16 of 100"
[1] "number of words = 42"
[1] "attempt number 1"
_RegisterApplication(), FAILED TO establish the default connection to the WindowServer, _CGSDefaultConnection() is NULL.
[1] "webshot complete"
[1] "cropping..."
[1] "ratio poor, trying again"
[1] "attempt number 2"
_RegisterApplication(), FAILED TO establish the default connection to the WindowServer, _CGSDefaultConnection() is NULL.
[1] "webshot complete"
[1] "cropping..."
[1] "resizing..."
[1] "optipng compression..."
[1] "----------------------------------------------------------"
[1] "Attempting YMOHA76 17 of 100"
[1] "YMOHA76 failed"
[1] "----------------------------------------------------------"
[1] "Attempting KMILL16 18 of 100"
[1] "KMILL16 failed"
[1] "----------------------------------------------------------"
[1] "Attempting RSHAR29 19 of 100"
[1] "RSHAR29 failed"
[1] "----------------------------------------------------------"
[1] "Attempting LPROS57 20 of 100"
[1] "number of words = 132"
[1] "attempt number 1"
_RegisterApplication(), FAILED TO establish the default connection to the WindowServer, _CGSDefaultConnection() is NULL.
[1] "webshot complete"
[1] "cropping..."
[1] "resizing..."
[1] "optipng compression..."
[1] "----------------------------------------------------------"
[1] "Attempting ACLAR47 21 of 100"
[1] "ACLAR47 failed"
[1] "----------------------------------------------------------"
[1] "Attempting JNIKI45 22 of 100"
[1] "number of words = 48"
[1] "attempt number 1"
_RegisterApplication(), FAILED TO establish the default connection to the WindowServer, _CGSDefaultConnection() is NULL.
[1] "webshot complete"
[1] "cropping..."
[1] "ratio poor, trying again"
[1] "attempt number 2"
_RegisterApplication(), FAILED TO establish the default connection to the WindowServer, _CGSDefaultConnection() is NULL.
[1] "webshot complete"
[1] "cropping..."
[1] "resizing..."
[1] "optipng compression..."
[1] "----------------------------------------------------------"
[1] "Attempting JDMUL65 23 of 100"
[1] "JDMUL65 failed"
[1] "----------------------------------------------------------"
[1] "Attempting PELIA07 24 of 100"
[1] "PELIA07 failed"
[1] "----------------------------------------------------------"
[1] "Attempting ILSKN92 25 of 100"
[1] "ILSKN92 failed"
[1] "----------------------------------------------------------"
[1] "Attempting GWILS01 26 of 100"
[1] "GWILS01 failed"
[1] "----------------------------------------------------------"
[1] "Attempting FBBUG54 27 of 100"
[1] "FBBUG54 failed"
[1] "----------------------------------------------------------"
[1] "Attempting HVANR55 28 of 100"
[1] "HVANR55 failed"
[1] "----------------------------------------------------------"
[1] "Attempting CFJHA40 29 of 100"
[1] "CFJHA40 failed"
[1] "----------------------------------------------------------"
[1] "Attempting MMART67 30 of 100"
[1] "number of words = 350"
[1] "attempt number 1"
_RegisterApplication(), FAILED TO establish the default connection to the WindowServer, _CGSDefaultConnection() is NULL.
[1] "webshot complete"
[1] "cropping..."
[1] "resizing..."
[1] "optipng compression..."
[1] "----------------------------------------------------------"
[1] "Attempting CPRAM80 31 of 100"
[1] "CPRAM80 failed"
[1] "----------------------------------------------------------"
[1] "Attempting CTGRE98 32 of 100"
[1] "CTGRE98 failed"
[1] "----------------------------------------------------------"
[1] "Attempting HNVAR96 33 of 100"
[1] "HNVAR96 failed"
[1] "----------------------------------------------------------"
[1] "Attempting AJCAI19 34 of 100"
[1] "AJCAI19 failed"
[1] "----------------------------------------------------------"
[1] "Attempting KPALM97 35 of 100"
[1] "KPALM97 failed"
[1] "----------------------------------------------------------"
[1] "Attempting DBEND52 36 of 100"
[1] "number of words = 287"
[1] "attempt number 1"
_RegisterApplication(), FAILED TO establish the default connection to the WindowServer, _CGSDefaultConnection() is NULL.
[1] "webshot complete"
[1] "cropping..."
[1] "resizing..."
[1] "optipng compression..."
[1] "----------------------------------------------------------"
[1] "Attempting JGRAM74 37 of 100"
[1] "JGRAM74 failed"
[1] "----------------------------------------------------------"
[1] "Attempting TODOR42 38 of 100"
[1] "TODOR42 failed"
[1] "----------------------------------------------------------"
[1] "Attempting LAJHU40 39 of 100"
[1] "LAJHU40 failed"
[1] "----------------------------------------------------------"
[1] "Attempting SAJAM80 40 of 100"
[1] "number of words = 199"
[1] "attempt number 1"
_RegisterApplication(), FAILED TO establish the default connection to the WindowServer, _CGSDefaultConnection() is NULL.
[1] "webshot complete"
[1] "cropping..."
[1] "1.321 is too big, trying again"
[1] "attempt number 2"
_RegisterApplication(), FAILED TO establish the default connection to the WindowServer, _CGSDefaultConnection() is NULL.
[1] "webshot complete"
[1] "cropping..."
[1] "1.057 is too big, trying again"
[1] "attempt number 3"
_RegisterApplication(), FAILED TO establish the default connection to the WindowServer, _CGSDefaultConnection() is NULL.
[1] "webshot complete"
[1] "cropping..."
[1] "resizing..."
[1] "optipng compression..."
[1] "----------------------------------------------------------"
[1] "Attempting MVASS72 41 of 100"
[1] "number of words = 80"
[1] "attempt number 1"
_RegisterApplication(), FAILED TO establish the default connection to the WindowServer, _CGSDefaultConnection() is NULL.
[1] "webshot complete"
[1] "cropping..."
[1] "resizing..."
[1] "optipng compression..."
[1] "----------------------------------------------------------"
[1] "Attempting DSOLO80 42 of 100"
[1] "number of words = 239"
[1] "attempt number 1"
_RegisterApplication(), FAILED TO establish the default connection to the WindowServer, _CGSDefaultConnection() is NULL.
[1] "webshot complete"
[1] "cropping..."
[1] "1.492 is too small, trying again"
[1] "attempt number 2"
_RegisterApplication(), FAILED TO establish the default connection to the WindowServer, _CGSDefaultConnection() is NULL.
[1] "webshot complete"
[1] "cropping..."
[1] "resizing..."
[1] "optipng compression..."
[1] "----------------------------------------------------------"
[1] "Attempting RSALV52 43 of 100"
[1] "RSALV52 failed"
[1] "----------------------------------------------------------"
[1] "Attempting YNOBU65 44 of 100"
[1] "YNOBU65 failed"
[1] "----------------------------------------------------------"
[1] "Attempting ISMOL80 45 of 100"
[1] "ISMOL80 failed"
[1] "----------------------------------------------------------"
[1] "Attempting CANDE91 46 of 100"
[1] "number of words = 209"
[1] "attempt number 1"
_RegisterApplication(), FAILED TO establish the default connection to the WindowServer, _CGSDefaultConnection() is NULL.
[1] "webshot complete"
[1] "cropping..."
[1] "resizing..."
[1] "optipng compression..."
[1] "----------------------------------------------------------"
[1] "Attempting OFARA68 47 of 100"
[1] "OFARA68 failed"
[1] "----------------------------------------------------------"
[1] "Attempting AHOSS11 48 of 100"
[1] "AHOSS11 failed"
[1] "----------------------------------------------------------"
[1] "Attempting NBEAG09 49 of 100"
[1] "NBEAG09 failed"
[1] "----------------------------------------------------------"
[1] "Attempting MSHEL37 50 of 100"
[1] "MSHEL37 failed"
[1] "----------------------------------------------------------"
[1] "Attempting SKUEP95 51 of 100"
[1] "SKUEP95 failed"
[1] "----------------------------------------------------------"
[1] "Attempting RTCHI52 52 of 100"
[1] "number of words = 347"
[1] "attempt number 1"
_RegisterApplication(), FAILED TO establish the default connection to the WindowServer, _CGSDefaultConnection() is NULL.
[1] "webshot complete"
[1] "cropping..."
[1] "resizing..."
[1] "optipng compression..."
[1] "----------------------------------------------------------"
[1] "Attempting PJRAW54 53 of 100"
[1] "PJRAW54 failed"
[1] "----------------------------------------------------------"
[1] "Attempting TOWEN49 54 of 100"
[1] "TOWEN49 failed"
[1] "----------------------------------------------------------"
[1] "Attempting MDOBR21 55 of 100"
[1] "https://discovery.ucl.ac.uk/view/people/MDOBR21.html non-existant"
[1] "NA page could not be read"
Error in if (nrow(freq) < 20) freq <- NULL : argument is of length zero
Calls: source -> withVisible -> eval -> eval
Execution halted
