
R version 3.6.3 (2020-02-29) -- "Holding the Windsock"
Copyright (C) 2020 The R Foundation for Statistical Computing
Platform: x86_64-apple-darwin15.6.0 (64-bit)

R is free software and comes with ABSOLUTELY NO WARRANTY.
You are welcome to redistribute it under certain conditions.
Type 'license()' or 'licence()' for distribution details.

  Natural language support but running in an English locale

R is a collaborative project with many contributors.
Type 'contributors()' for more information and
'citation()' on how to cite R or R packages in publications.

Type 'demo()' for some demos, 'help()' for on-line help, or
'help.start()' for an HTML browser interface to help.
Type 'q()' to quit R.

> #-------------------------------------------------------------------------------------------
> # Single script to run all other required R scripts, so can be envoked automatically on server using CRON
> #-------------------------------------------------------------------------------------------
> source('boilerplate.R')
Loading required package: SemNetDictionaries

SemNetDictionaries 
For help getting started, see <https://doi.org/10.31234/osf.io/eht87> 

 Submit your own dictionary and moniker glossaries to:
 <https://github.com/AlexChristensen/SemNetDictionaries/issues/new/choose>

SemNetCleaner 
For help getting started, see <https://doi.org/10.31234/osf.io/eht87> 
 For bugs and errors, submit an issue to <https://github.com/AlexChristensen/SemNetCleaner/issues>

WARNING: There have been major updates to the SemNetCleaner package.
 Please see 'Package NEWS' for a detailed list of updates (see 'Changes in version 1.2.0')

> install_phantomjs(force = TRUE)
  % Total    % Received % Xferd  Average Speed   Time    Time     Time  Current
                                 Dload  Upload   Total   Spent    Left  Speed
  0     0    0     0    0     0      0      0 --:--:-- --:--:-- --:--:--     0  0     0    0     0    0     0      0      0 --:--:-- --:--:-- --:--:--     0
  0     0    0     0    0     0      0      0 --:--:-- --:--:-- --:--:--     0100 16.3M  100 16.3M    0     0  13.7M      0  0:00:01  0:00:01 --:--:-- 33.4M
phantomjs has been installed to /Users/admin/Library/Application Support/PhantomJS
> 
> #ud_model <- udpipe_download_model(language = "english", model_dir='../tools/data')
> #ud_model <- udpipe_load_model(ud_model$file_model)
> ud_model <- udpipe_load_model('../tools/data/english-ewt-ud-2.5-191206.udpipe')
> #-------------------------------------------------------------------------------------------
> #correction.tidy()
> Sys.time()
[1] "2023-01-29 02:02:08 GMT"
> source('generate list of UPIs.R')
> Sys.time()
[1] "2023-01-29 02:02:09 GMT"
> source('generate wordcloud for each UPI.R')
[1] "197 UPIs still to do"
[1] "----------------------------------------------------------"
[1] "Attempting DIASR70 1 of 100"
[1] "DIASR70 failed"
[1] "----------------------------------------------------------"
[1] "Attempting SSRAN13 2 of 100"
[1] "number of words = 165"
[1] "attempt number 1"
[1] "webshot complete"
[1] "cropping..."
[1] "resizing..."
[1] "optipng compression..."
[1] "----------------------------------------------------------"
[1] "Attempting TBLET95 3 of 100"
[1] "number of words = 224"
[1] "attempt number 1"
[1] "webshot complete"
[1] "cropping..."
[1] "1.517 is too big, trying again"
[1] "attempt number 2"
[1] "webshot complete"
[1] "cropping..."
[1] "resizing..."
[1] "optipng compression..."
[1] "----------------------------------------------------------"
[1] "Attempting RSHAR29 4 of 100"
[1] "RSHAR29 failed"
[1] "----------------------------------------------------------"
[1] "Attempting LNAST66 5 of 100"
[1] "LNAST66 failed"
[1] "----------------------------------------------------------"
[1] "Attempting HVANR55 6 of 100"
[1] "HVANR55 failed"
[1] "----------------------------------------------------------"
[1] "Attempting CLABO01 7 of 100"
[1] "CLABO01 failed"
[1] "----------------------------------------------------------"
[1] "Attempting JDMUL65 8 of 100"
[1] "JDMUL65 failed"
[1] "----------------------------------------------------------"
[1] "Attempting JHBOW98 9 of 100"
[1] "JHBOW98 failed"
[1] "----------------------------------------------------------"
[1] "Attempting TCOHE20 10 of 100"
[1] "number of words = 197"
[1] "attempt number 1"
[1] "webshot complete"
[1] "cropping..."
[1] "resizing..."
[1] "optipng compression..."
[1] "----------------------------------------------------------"
[1] "Attempting SYLCH99 11 of 100"
[1] "number of words = 188"
[1] "attempt number 1"
[1] "webshot complete"
[1] "cropping..."
[1] "resizing..."
[1] "optipng compression..."
[1] "----------------------------------------------------------"
[1] "Attempting JMKOL12 12 of 100"
[1] "JMKOL12 failed"
[1] "----------------------------------------------------------"
[1] "Attempting TCLAR07 13 of 100"
[1] "number of words = 334"
[1] "attempt number 1"
[1] "webshot complete"
[1] "cropping..."
[1] "resizing..."
[1] "optipng compression..."
[1] "----------------------------------------------------------"
[1] "Attempting TBURG58 14 of 100"
[1] "number of words = 350"
[1] "attempt number 1"
[1] "webshot complete"
[1] "cropping..."
[1] "1.451 is too big, trying again"
[1] "attempt number 2"
[1] "webshot complete"
[1] "cropping..."
[1] "resizing..."
[1] "optipng compression..."
[1] "----------------------------------------------------------"
[1] "Attempting TBEKK79 15 of 100"
[1] "number of words = 350"
[1] "attempt number 1"
[1] "webshot complete"
[1] "cropping..."
[1] "resizing..."
[1] "optipng compression..."
[1] "----------------------------------------------------------"
[1] "Attempting TAYOU67 16 of 100"
[1] "number of words = 350"
[1] "attempt number 1"
[1] "webshot complete"
[1] "cropping..."
[1] "1.47 is too big, trying again"
[1] "attempt number 2"
[1] "webshot complete"
[1] "cropping..."
[1] "resizing..."
[1] "optipng compression..."
[1] "----------------------------------------------------------"
[1] "Attempting PJRAW54 17 of 100"
[1] "https://discovery.ucl.ac.uk/view/people/PJRAW54.html non-existant"
[1] "NA page could not be read"
Error in if (nrow(freq) < 20) freq <- NULL : argument is of length zero
Calls: source -> withVisible -> eval -> eval
Execution halted
