
R version 3.6.3 (2020-02-29) -- "Holding the Windsock"
Copyright (C) 2020 The R Foundation for Statistical Computing
Platform: x86_64-apple-darwin15.6.0 (64-bit)

R is free software and comes with ABSOLUTELY NO WARRANTY.
You are welcome to redistribute it under certain conditions.
Type 'license()' or 'licence()' for distribution details.

  Natural language support but running in an English locale

R is a collaborative project with many contributors.
Type 'contributors()' for more information and
'citation()' on how to cite R or R packages in publications.

Type 'demo()' for some demos, 'help()' for on-line help, or
'help.start()' for an HTML browser interface to help.
Type 'q()' to quit R.

> #-------------------------------------------------------------------------------------------
> # Single script to run all other required R scripts, so can be envoked automatically on server using CRON
> #-------------------------------------------------------------------------------------------
> source('boilerplate.R')
Loading required package: SemNetDictionaries

SemNetDictionaries 
For help getting started, see <https://doi.org/10.31234/osf.io/eht87> 

 Submit your own dictionary and moniker glossaries to:
 <https://github.com/AlexChristensen/SemNetDictionaries/issues/new/choose>

SemNetCleaner 
For help getting started, see <https://doi.org/10.31234/osf.io/eht87> 
 For bugs and errors, submit an issue to <https://github.com/AlexChristensen/SemNetCleaner/issues>

WARNING: There have been major updates to the SemNetCleaner package.
 Please see 'Package NEWS' for a detailed list of updates (see 'Changes in version 1.2.0')

> install_phantomjs(force = TRUE)
  % Total    % Received % Xferd  Average Speed   Time    Time     Time  Current
                                 Dload  Upload   Total   Spent    Left  Speed
  0     0    0     0    0     0      0      0 --:--:-- --:--:-- --:--:--     0  0     0    0     0    0     0      0      0 --:--:-- --:--:-- --:--:--     0  0     0    0     0    0     0      0      0 --:--:-- --:--:-- --:--:--     0
 49 16.3M   49 8206k    0     0  5339k      0  0:00:03  0:00:01  0:00:02 5339k100 16.3M  100 16.3M    0     0  10.1M      0  0:00:01  0:00:01 --:--:--  119M
phantomjs has been installed to /Users/admin/Library/Application Support/PhantomJS
> 
> #ud_model <- udpipe_download_model(language = "english", model_dir='../tools/data')
> #ud_model <- udpipe_load_model(ud_model$file_model)
> ud_model <- udpipe_load_model('../tools/data/english-ewt-ud-2.5-191206.udpipe')
> #-------------------------------------------------------------------------------------------
> #correction.tidy()
> Sys.time()
[1] "2025-09-13 06:48:11 BST"
> source('generate list of UPIs.R')
> Sys.time()
[1] "2025-09-13 06:48:12 BST"
> source('generate wordcloud for each UPI.R')
[1] "214 UPIs still to do"
[1] "----------------------------------------------------------"
[1] "Attempting SHONG15 1 of 100"
[1] "https://discovery.ucl.ac.uk/id/eprint/10150645/ non-existant"
[1] "page could not be read"
[1] "https://discovery.ucl.ac.uk/id/eprint/10109001/ non-existant"
[1] "page could not be read"
[1] "number of words = 210"
[1] "attempt number 1"
_RegisterApplication(), FAILED TO establish the default connection to the WindowServer, _CGSDefaultConnection() is NULL.
[1] "webshot complete"
[1] "cropping..."
[1] "1.324 is too small, trying again"
[1] "attempt number 2"
_RegisterApplication(), FAILED TO establish the default connection to the WindowServer, _CGSDefaultConnection() is NULL.
[1] "webshot complete"
[1] "cropping..."
[1] "ratio poor, trying again"
[1] "attempt number 3"
_RegisterApplication(), FAILED TO establish the default connection to the WindowServer, _CGSDefaultConnection() is NULL.
[1] "webshot complete"
[1] "cropping..."
[1] "resizing..."
[1] "optipng compression..."
[1] "----------------------------------------------------------"
[1] "Attempting JABIC12 2 of 100"
[1] "JABIC12 failed"
[1] "----------------------------------------------------------"
[1] "Attempting JTASI80 3 of 100"
[1] "JTASI80 failed"
[1] "----------------------------------------------------------"
[1] "Attempting RPRAN94 4 of 100"
[1] "RPRAN94 failed"
[1] "----------------------------------------------------------"
[1] "Attempting MLONG29 5 of 100"
[1] "MLONG29 failed"
[1] "----------------------------------------------------------"
[1] "Attempting PJRAW54 6 of 100"
[1] "PJRAW54 failed"
[1] "----------------------------------------------------------"
[1] "Attempting WBODN04 7 of 100"
[1] "WBODN04 failed"
[1] "----------------------------------------------------------"
[1] "Attempting VNGUY40 8 of 100"
[1] "number of words = 350"
[1] "attempt number 1"
_RegisterApplication(), FAILED TO establish the default connection to the WindowServer, _CGSDefaultConnection() is NULL.
[1] "webshot complete"
[1] "cropping..."
[1] "resizing..."
[1] "optipng compression..."
[1] "----------------------------------------------------------"
[1] "Attempting CTGRE98 9 of 100"
[1] "CTGRE98 failed"
[1] "----------------------------------------------------------"
[1] "Attempting MCARC08 10 of 100"
[1] "MCARC08 failed"
[1] "----------------------------------------------------------"
[1] "Attempting LADEN58 11 of 100"
[1] "LADEN58 failed"
[1] "----------------------------------------------------------"
[1] "Attempting MSAYE73 12 of 100"
[1] "MSAYE73 failed"
[1] "----------------------------------------------------------"
[1] "Attempting DSHOR81 13 of 100"
[1] "DSHOR81 failed"
[1] "----------------------------------------------------------"
[1] "Attempting KHYIP29 14 of 100"
[1] "number of words = 320"
[1] "attempt number 1"
_RegisterApplication(), FAILED TO establish the default connection to the WindowServer, _CGSDefaultConnection() is NULL.
[1] "webshot complete"
[1] "cropping..."
[1] "resizing..."
[1] "optipng compression..."
[1] "----------------------------------------------------------"
[1] "Attempting KAVDA49 15 of 100"
[1] "number of words = 53"
[1] "attempt number 1"
_RegisterApplication(), FAILED TO establish the default connection to the WindowServer, _CGSDefaultConnection() is NULL.
[1] "webshot complete"
[1] "cropping..."
[1] "1.535 is too small, trying again"
[1] "attempt number 2"
_RegisterApplication(), FAILED TO establish the default connection to the WindowServer, _CGSDefaultConnection() is NULL.
[1] "webshot complete"
[1] "cropping..."
[1] "resizing..."
[1] "optipng compression..."
[1] "----------------------------------------------------------"
[1] "Attempting MALUB54 16 of 100"
[1] "MALUB54 failed"
[1] "----------------------------------------------------------"
[1] "Attempting NSHUB90 17 of 100"
[1] "NSHUB90 failed"
[1] "----------------------------------------------------------"
[1] "Attempting PMRAD16 18 of 100"
[1] "PMRAD16 failed"
[1] "----------------------------------------------------------"
[1] "Attempting ISWIA79 19 of 100"
[1] "number of words = 136"
[1] "attempt number 1"
_RegisterApplication(), FAILED TO establish the default connection to the WindowServer, _CGSDefaultConnection() is NULL.
[1] "webshot complete"
[1] "cropping..."
[1] "1.638 is too big, trying again"
[1] "ratio poor, trying again"
[1] "attempt number 2"
_RegisterApplication(), FAILED TO establish the default connection to the WindowServer, _CGSDefaultConnection() is NULL.
[1] "webshot complete"
[1] "cropping..."
[1] "resizing..."
[1] "optipng compression..."
[1] "----------------------------------------------------------"
[1] "Attempting HAAUT01 20 of 100"
[1] "number of words = 83"
[1] "attempt number 1"
_RegisterApplication(), FAILED TO establish the default connection to the WindowServer, _CGSDefaultConnection() is NULL.
[1] "webshot complete"
[1] "cropping..."
[1] "resizing..."
[1] "optipng compression..."
[1] "----------------------------------------------------------"
[1] "Attempting JMKOL12 21 of 100"
[1] "JMKOL12 failed"
[1] "----------------------------------------------------------"
[1] "Attempting KMILL16 22 of 100"
[1] "KMILL16 failed"
[1] "----------------------------------------------------------"
[1] "Attempting CJFBA15 23 of 100"
[1] "CJFBA15 failed"
[1] "----------------------------------------------------------"
[1] "Attempting NBEAG09 24 of 100"
[1] "NBEAG09 failed"
[1] "----------------------------------------------------------"
[1] "Attempting WASWA30 25 of 100"
[1] "WASWA30 failed"
[1] "----------------------------------------------------------"
[1] "Attempting DJDEL28 26 of 100"
[1] "DJDEL28 failed"
[1] "----------------------------------------------------------"
[1] "Attempting ACLAR47 27 of 100"
[1] "ACLAR47 failed"
[1] "----------------------------------------------------------"
[1] "Attempting CCARE56 28 of 100"
[1] "CCARE56 failed"
[1] "----------------------------------------------------------"
[1] "Attempting SEBAT95 29 of 100"
[1] "SEBAT95 failed"
[1] "----------------------------------------------------------"
[1] "Attempting BSGIL15 30 of 100"
[1] "BSGIL15 failed"
[1] "----------------------------------------------------------"
[1] "Attempting SRENG77 31 of 100"
[1] "SRENG77 failed"
[1] "----------------------------------------------------------"
[1] "Attempting CLOUT13 32 of 100"
[1] "number of words = 350"
[1] "attempt number 1"
_RegisterApplication(), FAILED TO establish the default connection to the WindowServer, _CGSDefaultConnection() is NULL.
[1] "webshot complete"
[1] "cropping..."
[1] "1.488 is too small, trying again"
[1] "ratio poor, trying again"
[1] "attempt number 2"
_RegisterApplication(), FAILED TO establish the default connection to the WindowServer, _CGSDefaultConnection() is NULL.
[1] "webshot complete"
[1] "cropping..."
[1] "2.232 is too small, trying again"
[1] "attempt number 3"
_RegisterApplication(), FAILED TO establish the default connection to the WindowServer, _CGSDefaultConnection() is NULL.
[1] "webshot complete"
[1] "cropping..."
[1] "3.348 is too small, trying again"
[1] "attempt number 4"
_RegisterApplication(), FAILED TO establish the default connection to the WindowServer, _CGSDefaultConnection() is NULL.
[1] "webshot complete"
[1] "cropping..."
[1] "resizing..."
[1] "optipng compression..."
[1] "----------------------------------------------------------"
[1] "Attempting RSCRA85 33 of 100"
[1] "RSCRA85 failed"
[1] "----------------------------------------------------------"
[1] "Attempting CLABO01 34 of 100"
[1] "CLABO01 failed"
[1] "----------------------------------------------------------"
[1] "Attempting MCOLL86 35 of 100"
[1] "MCOLL86 failed"
[1] "----------------------------------------------------------"
[1] "Attempting SBDHA13 36 of 100"
[1] "SBDHA13 failed"
[1] "----------------------------------------------------------"
[1] "Attempting ALAYB27 37 of 100"
[1] "number of words = 147"
[1] "attempt number 1"
_RegisterApplication(), FAILED TO establish the default connection to the WindowServer, _CGSDefaultConnection() is NULL.
[1] "webshot complete"
[1] "cropping..."
[1] "ratio poor, trying again"
[1] "attempt number 2"
_RegisterApplication(), FAILED TO establish the default connection to the WindowServer, _CGSDefaultConnection() is NULL.
[1] "webshot complete"
[1] "cropping..."
[1] "ratio poor, trying again"
[1] "attempt number 3"
_RegisterApplication(), FAILED TO establish the default connection to the WindowServer, _CGSDefaultConnection() is NULL.
[1] "webshot complete"
[1] "cropping..."
[1] "1.561 is too small, trying again"
[1] "attempt number 4"
_RegisterApplication(), FAILED TO establish the default connection to the WindowServer, _CGSDefaultConnection() is NULL.
[1] "webshot complete"
[1] "cropping..."
[1] "resizing..."
[1] "optipng compression..."
[1] "----------------------------------------------------------"
[1] "Attempting CPEAS90 38 of 100"
[1] "CPEAS90 failed"
[1] "----------------------------------------------------------"
[1] "Attempting TSTEV61 39 of 100"
[1] "TSTEV61 failed"
[1] "----------------------------------------------------------"
[1] "Attempting FOTEI76 40 of 100"
[1] "FOTEI76 failed"
[1] "----------------------------------------------------------"
[1] "Attempting JSBRO50 41 of 100"
[1] "number of words = 117"
[1] "attempt number 1"
_RegisterApplication(), FAILED TO establish the default connection to the WindowServer, _CGSDefaultConnection() is NULL.
[1] "webshot complete"
[1] "cropping..."
[1] "1.56 is too small, trying again"
[1] "attempt number 2"
_RegisterApplication(), FAILED TO establish the default connection to the WindowServer, _CGSDefaultConnection() is NULL.
[1] "webshot complete"
[1] "cropping..."
[1] "ratio poor, trying again"
[1] "attempt number 3"
_RegisterApplication(), FAILED TO establish the default connection to the WindowServer, _CGSDefaultConnection() is NULL.
[1] "webshot complete"
[1] "cropping..."
[1] "resizing..."
[1] "optipng compression..."
[1] "----------------------------------------------------------"
[1] "Attempting STHOA90 42 of 100"
[1] "STHOA90 failed"
[1] "----------------------------------------------------------"
[1] "Attempting KSKRI01 43 of 100"
[1] "KSKRI01 failed"
[1] "----------------------------------------------------------"
[1] "Attempting RWANG01 44 of 100"
[1] "RWANG01 failed"
[1] "----------------------------------------------------------"
[1] "Attempting APPAL12 45 of 100"
[1] "number of words = 46"
[1] "attempt number 1"
_RegisterApplication(), FAILED TO establish the default connection to the WindowServer, _CGSDefaultConnection() is NULL.
[1] "webshot complete"
[1] "cropping..."
[1] "1.284 is too small, trying again"
[1] "ratio poor, trying again"
[1] "attempt number 2"
_RegisterApplication(), FAILED TO establish the default connection to the WindowServer, _CGSDefaultConnection() is NULL.
[1] "webshot complete"
[1] "cropping..."
[1] "resizing..."
[1] "optipng compression..."
[1] "----------------------------------------------------------"
[1] "Attempting MTARG52 46 of 100"
[1] "number of words = 350"
[1] "attempt number 1"
_RegisterApplication(), FAILED TO establish the default connection to the WindowServer, _CGSDefaultConnection() is NULL.
[1] "webshot complete"
[1] "cropping..."
[1] "resizing..."
[1] "optipng compression..."
[1] "----------------------------------------------------------"
[1] "Attempting JXUEX03 47 of 100"
[1] "JXUEX03 failed"
[1] "----------------------------------------------------------"
[1] "Attempting ASIVA04 48 of 100"
[1] "ASIVA04 failed"
[1] "----------------------------------------------------------"
[1] "Attempting PSZIK26 49 of 100"
[1] "PSZIK26 failed"
[1] "----------------------------------------------------------"
[1] "Attempting MCARP08 50 of 100"
[1] "MCARP08 failed"
[1] "----------------------------------------------------------"
[1] "Attempting JLAFO26 51 of 100"
[1] "JLAFO26 failed"
[1] "----------------------------------------------------------"
[1] "Attempting SWZOC40 52 of 100"
[1] "SWZOC40 failed"
[1] "----------------------------------------------------------"
[1] "Attempting MKBHO33 53 of 100"
Error in open.connection(x, "rb") : HTTP error 520.
Error: $ operator is invalid for atomic vectors
In addition: Warning message:
In .Internal(gc(verbose, reset, full)) :
  closing unused connection 3 (https://discovery.ucl.ac.uk/id/eprint/1495303/)
Execution halted
