
R version 3.6.3 (2020-02-29) -- "Holding the Windsock"
Copyright (C) 2020 The R Foundation for Statistical Computing
Platform: x86_64-apple-darwin15.6.0 (64-bit)

R is free software and comes with ABSOLUTELY NO WARRANTY.
You are welcome to redistribute it under certain conditions.
Type 'license()' or 'licence()' for distribution details.

  Natural language support but running in an English locale

R is a collaborative project with many contributors.
Type 'contributors()' for more information and
'citation()' on how to cite R or R packages in publications.

Type 'demo()' for some demos, 'help()' for on-line help, or
'help.start()' for an HTML browser interface to help.
Type 'q()' to quit R.

> #-------------------------------------------------------------------------------------------
> # Single script to run all other required R scripts, so can be envoked automatically on server using CRON
> #-------------------------------------------------------------------------------------------
> source('boilerplate.R')
Loading required package: SemNetDictionaries

SemNetDictionaries 
For help getting started, see <https://doi.org/10.31234/osf.io/eht87> 

 Submit your own dictionary and moniker glossaries to:
 <https://github.com/AlexChristensen/SemNetDictionaries/issues/new/choose>

SemNetCleaner 
For help getting started, see <https://doi.org/10.31234/osf.io/eht87> 
 For bugs and errors, submit an issue to <https://github.com/AlexChristensen/SemNetCleaner/issues>

WARNING: There have been major updates to the SemNetCleaner package.
 Please see 'Package NEWS' for a detailed list of updates (see 'Changes in version 1.2.0')

> install_phantomjs(force = TRUE)
  % Total    % Received % Xferd  Average Speed   Time    Time     Time  Current
                                 Dload  Upload   Total   Spent    Left  Speed
  0     0    0     0    0     0      0      0 --:--:-- --:--:-- --:--:--     0  0     0    0     0    0     0      0      0 --:--:-- --:--:-- --:--:--     0  0     0    0     0    0     0      0      0 --:--:-- --:--:-- --:--:--     0
 84 16.3M   84 13.8M    0     0  13.1M      0  0:00:01  0:00:01 --:--:-- 13.1M100 16.3M  100 16.3M    0     0  14.4M      0  0:00:01  0:00:01 --:--:-- 35.6M
phantomjs has been installed to /Users/admin/Library/Application Support/PhantomJS
> 
> #ud_model <- udpipe_download_model(language = "english", model_dir='../tools/data')
> #ud_model <- udpipe_load_model(ud_model$file_model)
> ud_model <- udpipe_load_model('../tools/data/english-ewt-ud-2.5-191206.udpipe')
> #-------------------------------------------------------------------------------------------
> #correction.tidy()
> Sys.time()
[1] "2023-01-06 02:02:09 GMT"
> source('generate list of UPIs.R')
> Sys.time()
[1] "2023-01-06 02:02:11 GMT"
> source('generate wordcloud for each UPI.R')
[1] "180 UPIs still to do"
[1] "----------------------------------------------------------"
[1] "Attempting AEGYE98 1 of 100"
[1] "AEGYE98 failed"
[1] "----------------------------------------------------------"
[1] "Attempting MDOBR21 2 of 100"
[1] "MDOBR21 failed"
[1] "----------------------------------------------------------"
[1] "Attempting AMALI63 3 of 100"
[1] "AMALI63 failed"
[1] "----------------------------------------------------------"
[1] "Attempting RTUIJ70 4 of 100"
[1] "number of words = 286"
[1] "attempt number 1"
_RegisterApplication(), FAILED TO establish the default connection to the WindowServer, _CGSDefaultConnection() is NULL.
[1] "webshot complete"
[1] "cropping..."
[1] "1.478 is too small, trying again"
[1] "attempt number 2"
_RegisterApplication(), FAILED TO establish the default connection to the WindowServer, _CGSDefaultConnection() is NULL.
[1] "webshot complete"
[1] "cropping..."
[1] "resizing..."
[1] "optipng compression..."
[1] "----------------------------------------------------------"
[1] "Attempting RTSPA16 5 of 100"
[1] "number of words = 217"
[1] "attempt number 1"
_RegisterApplication(), FAILED TO establish the default connection to the WindowServer, _CGSDefaultConnection() is NULL.
[1] "webshot complete"
[1] "cropping..."
[1] "resizing..."
[1] "optipng compression..."
[1] "----------------------------------------------------------"
[1] "Attempting RLAPE20 6 of 100"
[1] "number of words = 116"
[1] "attempt number 1"
_RegisterApplication(), FAILED TO establish the default connection to the WindowServer, _CGSDefaultConnection() is NULL.
[1] "webshot complete"
[1] "cropping..."
[1] "1.521 is too small, trying again"
[1] "attempt number 2"
_RegisterApplication(), FAILED TO establish the default connection to the WindowServer, _CGSDefaultConnection() is NULL.
[1] "webshot complete"
[1] "cropping..."
[1] "resizing..."
[1] "optipng compression..."
[1] "----------------------------------------------------------"
[1] "Attempting AMAGE08 7 of 100"
[1] "AMAGE08 failed"
[1] "----------------------------------------------------------"
[1] "Attempting RSKER29 8 of 100"
[1] "number of words = 350"
[1] "attempt number 1"
_RegisterApplication(), FAILED TO establish the default connection to the WindowServer, _CGSDefaultConnection() is NULL.
[1] "webshot complete"
[1] "cropping..."
[1] "1.481 is too small, trying again"
[1] "ratio poor, trying again"
[1] "attempt number 2"
_RegisterApplication(), FAILED TO establish the default connection to the WindowServer, _CGSDefaultConnection() is NULL.
[1] "webshot complete"
[1] "cropping..."
[1] "resizing..."
[1] "optipng compression..."
[1] "----------------------------------------------------------"
[1] "Attempting RROYS28 9 of 100"
[1] "number of words = 141"
[1] "attempt number 1"
_RegisterApplication(), FAILED TO establish the default connection to the WindowServer, _CGSDefaultConnection() is NULL.
[1] "webshot complete"
[1] "cropping..."
[1] "1.408 is too small, trying again"
[1] "ratio poor, trying again"
[1] "attempt number 2"
_RegisterApplication(), FAILED TO establish the default connection to the WindowServer, _CGSDefaultConnection() is NULL.
[1] "webshot complete"
[1] "cropping..."
[1] "ratio poor, trying again"
[1] "attempt number 3"
_RegisterApplication(), FAILED TO establish the default connection to the WindowServer, _CGSDefaultConnection() is NULL.
[1] "webshot complete"
[1] "cropping..."
[1] "ratio poor, trying again"
[1] "attempt number 4"
_RegisterApplication(), FAILED TO establish the default connection to the WindowServer, _CGSDefaultConnection() is NULL.
[1] "webshot complete"
[1] "cropping..."
[1] "resizing..."
[1] "optipng compression..."
[1] "----------------------------------------------------------"
[1] "Attempting EMUGW33 10 of 100"
[1] "EMUGW33 failed"
[1] "----------------------------------------------------------"
[1] "Attempting RSARP35 11 of 100"
[1] "number of words = 182"
[1] "attempt number 1"
_RegisterApplication(), FAILED TO establish the default connection to the WindowServer, _CGSDefaultConnection() is NULL.
[1] "webshot complete"
[1] "cropping..."
[1] "resizing..."
[1] "optipng compression..."
[1] "----------------------------------------------------------"
[1] "Attempting JGRAM74 12 of 100"
[1] "JGRAM74 failed"
[1] "----------------------------------------------------------"
[1] "Attempting RTHOR67 13 of 100"
[1] "number of words = 168"
[1] "attempt number 1"
_RegisterApplication(), FAILED TO establish the default connection to the WindowServer, _CGSDefaultConnection() is NULL.
[1] "webshot complete"
[1] "cropping..."
[1] "resizing..."
[1] "optipng compression..."
[1] "----------------------------------------------------------"
[1] "Attempting JHBOW98 14 of 100"
[1] "JHBOW98 failed"
[1] "----------------------------------------------------------"
[1] "Attempting RRTOL75 15 of 100"
[1] "RRTOL75 failed"
[1] "----------------------------------------------------------"
[1] "Attempting JTASI80 16 of 100"
[1] "JTASI80 failed"
[1] "----------------------------------------------------------"
[1] "Attempting EMROB79 17 of 100"
[1] "EMROB79 failed"
[1] "----------------------------------------------------------"
[1] "Attempting PSHAA65 18 of 100"
[1] "PSHAA65 failed"
[1] "----------------------------------------------------------"
[1] "Attempting LTTAN43 19 of 100"
[1] "LTTAN43 failed"
[1] "----------------------------------------------------------"
[1] "Attempting RRALI61 20 of 100"
Error in open.connection(x, "rb") : SSLRead() return error -9806
Error: $ operator is invalid for atomic vectors
In addition: Warning message:
In .Internal(gc(verbose, reset, full)) :
  closing unused connection 3 (https://discovery.ucl.ac.uk/id/eprint/1395375/)
Execution halted
