
R version 3.6.3 (2020-02-29) -- "Holding the Windsock"
Copyright (C) 2020 The R Foundation for Statistical Computing
Platform: x86_64-apple-darwin15.6.0 (64-bit)

R is free software and comes with ABSOLUTELY NO WARRANTY.
You are welcome to redistribute it under certain conditions.
Type 'license()' or 'licence()' for distribution details.

  Natural language support but running in an English locale

R is a collaborative project with many contributors.
Type 'contributors()' for more information and
'citation()' on how to cite R or R packages in publications.

Type 'demo()' for some demos, 'help()' for on-line help, or
'help.start()' for an HTML browser interface to help.
Type 'q()' to quit R.

> #-------------------------------------------------------------------------------------------
> # Single script to run all other required R scripts, so can be envoked automatically on server using CRON
> #-------------------------------------------------------------------------------------------
> source('boilerplate.R')
Loading required package: SemNetDictionaries

SemNetDictionaries 
For help getting started, see <https://doi.org/10.31234/osf.io/eht87> 

 Submit your own dictionary and moniker glossaries to:
 <https://github.com/AlexChristensen/SemNetDictionaries/issues/new/choose>

SemNetCleaner 
For help getting started, see <https://doi.org/10.31234/osf.io/eht87> 
 For bugs and errors, submit an issue to <https://github.com/AlexChristensen/SemNetCleaner/issues>

WARNING: There have been major updates to the SemNetCleaner package.
 Please see 'Package NEWS' for a detailed list of updates (see 'Changes in version 1.2.0')

> install_phantomjs(force = TRUE)
  % Total    % Received % Xferd  Average Speed   Time    Time     Time  Current
                                 Dload  Upload   Total   Spent    Left  Speed
  0     0    0     0    0     0      0      0 --:--:-- --:--:-- --:--:--     0  0     0    0     0    0     0      0      0 --:--:-- --:--:-- --:--:--     0
 49 16.3M   49 8207k    0     0  5446k      0  0:00:03  0:00:01  0:00:02 5446k100 16.3M  100 16.3M    0     0  10.3M      0  0:00:01  0:00:01 --:--:--  119M
phantomjs has been installed to /Users/admin/Library/Application Support/PhantomJS
> 
> #ud_model <- udpipe_download_model(language = "english", model_dir='../tools/data')
> #ud_model <- udpipe_load_model(ud_model$file_model)
> ud_model <- udpipe_load_model('../tools/data/english-ewt-ud-2.5-191206.udpipe')
> #-------------------------------------------------------------------------------------------
> #correction.tidy()
> Sys.time()
[1] "2025-10-23 06:48:09 BST"
> source('generate list of UPIs.R')
> Sys.time()
[1] "2025-10-23 06:48:10 BST"
> source('generate wordcloud for each UPI.R')
[1] "231 UPIs still to do"
[1] "----------------------------------------------------------"
[1] "Attempting NSREE63 1 of 100"
[1] "NSREE63 failed"
[1] "----------------------------------------------------------"
[1] "Attempting IKROB22 2 of 100"
[1] "number of words = 350"
[1] "attempt number 1"
_RegisterApplication(), FAILED TO establish the default connection to the WindowServer, _CGSDefaultConnection() is NULL.
[1] "webshot complete"
[1] "cropping..."
[1] "resizing..."
[1] "optipng compression..."
[1] "----------------------------------------------------------"
[1] "Attempting AMHOL19 3 of 100"
[1] "number of words = 285"
[1] "attempt number 1"
_RegisterApplication(), FAILED TO establish the default connection to the WindowServer, _CGSDefaultConnection() is NULL.
[1] "webshot complete"
[1] "cropping..."
[1] "1.504 is too big, trying again"
[1] "ratio poor, trying again"
[1] "attempt number 2"
_RegisterApplication(), FAILED TO establish the default connection to the WindowServer, _CGSDefaultConnection() is NULL.
[1] "webshot complete"
[1] "cropping..."
[1] "resizing..."
[1] "optipng compression..."
[1] "----------------------------------------------------------"
[1] "Attempting VENEH09 4 of 100"
[1] "VENEH09 failed"
[1] "----------------------------------------------------------"
[1] "Attempting AJDRA49 5 of 100"
[1] "AJDRA49 failed"
[1] "----------------------------------------------------------"
[1] "Attempting YMOHA76 6 of 100"
[1] "YMOHA76 failed"
[1] "----------------------------------------------------------"
[1] "Attempting SFORK35 7 of 100"
[1] "SFORK35 failed"
[1] "----------------------------------------------------------"
[1] "Attempting PELIA07 8 of 100"
[1] "PELIA07 failed"
[1] "----------------------------------------------------------"
[1] "Attempting HCHAR27 9 of 100"
[1] "HCHAR27 failed"
[1] "----------------------------------------------------------"
[1] "Attempting SASTE34 10 of 100"
[1] "number of words = 210"
[1] "attempt number 1"
_RegisterApplication(), FAILED TO establish the default connection to the WindowServer, _CGSDefaultConnection() is NULL.
[1] "webshot complete"
[1] "cropping..."
[1] "resizing..."
[1] "optipng compression..."
[1] "----------------------------------------------------------"
[1] "Attempting CABAR78 11 of 100"
[1] "CABAR78 failed"
[1] "----------------------------------------------------------"
[1] "Attempting ABOUZ46 12 of 100"
[1] "number of words = 258"
[1] "attempt number 1"
_RegisterApplication(), FAILED TO establish the default connection to the WindowServer, _CGSDefaultConnection() is NULL.
[1] "webshot complete"
[1] "cropping..."
[1] "1.382 is too small, trying again"
[1] "attempt number 2"
_RegisterApplication(), FAILED TO establish the default connection to the WindowServer, _CGSDefaultConnection() is NULL.
[1] "webshot complete"
[1] "cropping..."
[1] "2.073 is too small, trying again"
[1] "attempt number 3"
_RegisterApplication(), FAILED TO establish the default connection to the WindowServer, _CGSDefaultConnection() is NULL.
[1] "webshot complete"
[1] "cropping..."
[1] "resizing..."
[1] "optipng compression..."
[1] "----------------------------------------------------------"
[1] "Attempting NIZOT09 13 of 100"
[1] "https://discovery.ucl.ac.uk/view/people/NIZOT09.html non-existant"
[1] "NA page could not be read"
Error in if (nrow(freq) < 20) freq <- NULL : argument is of length zero
Calls: source -> withVisible -> eval -> eval
Execution halted
