
R version 3.6.3 (2020-02-29) -- "Holding the Windsock"
Copyright (C) 2020 The R Foundation for Statistical Computing
Platform: x86_64-apple-darwin15.6.0 (64-bit)

R is free software and comes with ABSOLUTELY NO WARRANTY.
You are welcome to redistribute it under certain conditions.
Type 'license()' or 'licence()' for distribution details.

  Natural language support but running in an English locale

R is a collaborative project with many contributors.
Type 'contributors()' for more information and
'citation()' on how to cite R or R packages in publications.

Type 'demo()' for some demos, 'help()' for on-line help, or
'help.start()' for an HTML browser interface to help.
Type 'q()' to quit R.

> #-------------------------------------------------------------------------------------------
> # Single script to run all other required R scripts, so can be envoked automatically on server using CRON
> #-------------------------------------------------------------------------------------------
> source('boilerplate.R')
Loading required package: SemNetDictionaries

SemNetDictionaries 
For help getting started, see <https://doi.org/10.31234/osf.io/eht87> 

 Submit your own dictionary and moniker glossaries to:
 <https://github.com/AlexChristensen/SemNetDictionaries/issues/new/choose>

SemNetCleaner 
For help getting started, see <https://doi.org/10.31234/osf.io/eht87> 
 For bugs and errors, submit an issue to <https://github.com/AlexChristensen/SemNetCleaner/issues>

WARNING: There have been major updates to the SemNetCleaner package.
 Please see 'Package NEWS' for a detailed list of updates (see 'Changes in version 1.2.0')

> install_phantomjs(force = TRUE)
  % Total    % Received % Xferd  Average Speed   Time    Time     Time  Current
                                 Dload  Upload   Total   Spent    Left  Speed
  0     0    0     0    0     0      0      0 --:--:-- --:--:-- --:--:--     0  0     0    0     0    0     0      0      0 --:--:-- --:--:-- --:--:--     0
 49 16.3M   49 8206k    0     0  7073k      0  0:00:02  0:00:01  0:00:01 7073k100 16.3M  100 16.3M    0     0  13.2M      0  0:00:01  0:00:01 --:--:--  119M
phantomjs has been installed to /Users/admin/Library/Application Support/PhantomJS
> 
> #ud_model <- udpipe_download_model(language = "english", model_dir='../tools/data')
> #ud_model <- udpipe_load_model(ud_model$file_model)
> ud_model <- udpipe_load_model('../tools/data/english-ewt-ud-2.5-191206.udpipe')
> #-------------------------------------------------------------------------------------------
> #correction.tidy()
> Sys.time()
[1] "2025-08-24 06:48:10 BST"
> source('generate list of UPIs.R')
> Sys.time()
[1] "2025-08-24 06:48:12 BST"
> source('generate wordcloud for each UPI.R')
[1] "227 UPIs still to do"
[1] "----------------------------------------------------------"
[1] "Attempting ASMIT42 1 of 100"
[1] "ASMIT42 failed"
[1] "----------------------------------------------------------"
[1] "Attempting RSCRA85 2 of 100"
[1] "RSCRA85 failed"
[1] "----------------------------------------------------------"
[1] "Attempting AHADD08 3 of 100"
[1] "AHADD08 failed"
[1] "----------------------------------------------------------"
[1] "Attempting NMCLA78 4 of 100"
[1] "NMCLA78 failed"
[1] "----------------------------------------------------------"
[1] "Attempting TLOEW52 5 of 100"
[1] "TLOEW52 failed"
[1] "----------------------------------------------------------"
[1] "Attempting LNICK92 6 of 100"
[1] "number of words = 45"
[1] "attempt number 1"
_RegisterApplication(), FAILED TO establish the default connection to the WindowServer, _CGSDefaultConnection() is NULL.
[1] "webshot complete"
[1] "cropping..."
[1] "resizing..."
[1] "optipng compression..."
[1] "----------------------------------------------------------"
[1] "Attempting NRODO76 7 of 100"
[1] "number of words = 64"
[1] "attempt number 1"
_RegisterApplication(), FAILED TO establish the default connection to the WindowServer, _CGSDefaultConnection() is NULL.
[1] "webshot complete"
[1] "cropping..."
[1] "resizing..."
[1] "optipng compression..."
[1] "----------------------------------------------------------"
[1] "Attempting AZAMO97 8 of 100"
[1] "AZAMO97 failed"
[1] "----------------------------------------------------------"
[1] "Attempting JXUEX03 9 of 100"
[1] "JXUEX03 failed"
[1] "----------------------------------------------------------"
[1] "Attempting MWWES96 10 of 100"
[1] "MWWES96 failed"
[1] "----------------------------------------------------------"
[1] "Attempting SDEAN50 11 of 100"
[1] "number of words = 56"
[1] "attempt number 1"
_RegisterApplication(), FAILED TO establish the default connection to the WindowServer, _CGSDefaultConnection() is NULL.
[1] "webshot complete"
[1] "cropping..."
[1] "resizing..."
[1] "optipng compression..."
[1] "----------------------------------------------------------"
[1] "Attempting JLAFO26 12 of 100"
[1] "JLAFO26 failed"
[1] "----------------------------------------------------------"
[1] "Attempting CFFAB79 13 of 100"
[1] "number of words = 54"
[1] "attempt number 1"
_RegisterApplication(), FAILED TO establish the default connection to the WindowServer, _CGSDefaultConnection() is NULL.
[1] "webshot complete"
[1] "cropping..."
[1] "ratio poor, trying again"
[1] "attempt number 2"
_RegisterApplication(), FAILED TO establish the default connection to the WindowServer, _CGSDefaultConnection() is NULL.
[1] "webshot complete"
[1] "cropping..."
[1] "resizing..."
[1] "optipng compression..."
[1] "----------------------------------------------------------"
[1] "Attempting JHBUR52 14 of 100"
[1] "JHBUR52 failed"
[1] "----------------------------------------------------------"
[1] "Attempting AMEYE16 15 of 100"
[1] "number of words = 57"
[1] "attempt number 1"
_RegisterApplication(), FAILED TO establish the default connection to the WindowServer, _CGSDefaultConnection() is NULL.
[1] "webshot complete"
[1] "cropping..."
[1] "resizing..."
[1] "optipng compression..."
[1] "----------------------------------------------------------"
[1] "Attempting PTURO88 16 of 100"
[1] "number of words = 350"
[1] "attempt number 1"
_RegisterApplication(), FAILED TO establish the default connection to the WindowServer, _CGSDefaultConnection() is NULL.
[1] "webshot complete"
[1] "cropping..."
[1] "resizing..."
[1] "optipng compression..."
[1] "----------------------------------------------------------"
[1] "Attempting RCIGM73 17 of 100"
[1] "RCIGM73 failed"
[1] "----------------------------------------------------------"
[1] "Attempting MGDOE34 18 of 100"
[1] "MGDOE34 failed"
[1] "----------------------------------------------------------"
[1] "Attempting RWANG01 19 of 100"
[1] "RWANG01 failed"
[1] "----------------------------------------------------------"
[1] "Attempting MKATH66 20 of 100"
Error in open.connection(x, "rb") : SSLRead() return error -9806
Error: $ operator is invalid for atomic vectors
In addition: Warning message:
In .Internal(gc(verbose, reset, full)) :
  closing unused connection 3 (https://discovery.ucl.ac.uk/id/eprint/10135523/)
Execution halted
