
R version 3.6.3 (2020-02-29) -- "Holding the Windsock"
Copyright (C) 2020 The R Foundation for Statistical Computing
Platform: x86_64-apple-darwin15.6.0 (64-bit)

R is free software and comes with ABSOLUTELY NO WARRANTY.
You are welcome to redistribute it under certain conditions.
Type 'license()' or 'licence()' for distribution details.

  Natural language support but running in an English locale

R is a collaborative project with many contributors.
Type 'contributors()' for more information and
'citation()' on how to cite R or R packages in publications.

Type 'demo()' for some demos, 'help()' for on-line help, or
'help.start()' for an HTML browser interface to help.
Type 'q()' to quit R.

> #-------------------------------------------------------------------------------------------
> # Single script to run all other required R scripts, so can be envoked automatically on server using CRON
> #-------------------------------------------------------------------------------------------
> source('boilerplate.R')
Loading required package: SemNetDictionaries

SemNetDictionaries 
For help getting started, see <https://doi.org/10.31234/osf.io/eht87> 

 Submit your own dictionary and moniker glossaries to:
 <https://github.com/AlexChristensen/SemNetDictionaries/issues/new/choose>

SemNetCleaner 
For help getting started, see <https://doi.org/10.31234/osf.io/eht87> 
 For bugs and errors, submit an issue to <https://github.com/AlexChristensen/SemNetCleaner/issues>

WARNING: There have been major updates to the SemNetCleaner package.
 Please see 'Package NEWS' for a detailed list of updates (see 'Changes in version 1.2.0')

> install_phantomjs(force = TRUE)
  % Total    % Received % Xferd  Average Speed   Time    Time     Time  Current
                                 Dload  Upload   Total   Spent    Left  Speed
  0     0    0     0    0     0      0      0 --:--:-- --:--:-- --:--:--     0  0     0    0     0    0     0      0      0 --:--:-- --:--:-- --:--:--     0
 98 16.3M   98 16.1M    0     0  17.3M      0 --:--:-- --:--:-- --:--:-- 17.3M100 16.3M  100 16.3M    0     0  17.4M      0 --:--:-- --:--:-- --:--:--  201M
phantomjs has been installed to /Users/admin/Library/Application Support/PhantomJS
> 
> #ud_model <- udpipe_download_model(language = "english", model_dir='../tools/data')
> #ud_model <- udpipe_load_model(ud_model$file_model)
> ud_model <- udpipe_load_model('../tools/data/english-ewt-ud-2.5-191206.udpipe')
> #-------------------------------------------------------------------------------------------
> #correction.tidy()
> Sys.time()
[1] "2025-07-27 06:48:09 BST"
> source('generate list of UPIs.R')
> Sys.time()
[1] "2025-07-27 06:48:11 BST"
> source('generate wordcloud for each UPI.R')
[1] "230 UPIs still to do"
[1] "----------------------------------------------------------"
[1] "Attempting MNIXO52 1 of 100"
[1] "MNIXO52 failed"
[1] "----------------------------------------------------------"
[1] "Attempting AJDRA49 2 of 100"
[1] "AJDRA49 failed"
[1] "----------------------------------------------------------"
[1] "Attempting LAJHU40 3 of 100"
[1] "LAJHU40 failed"
[1] "----------------------------------------------------------"
[1] "Attempting AAFSH93 4 of 100"
[1] "number of words = 135"
[1] "attempt number 1"
_RegisterApplication(), FAILED TO establish the default connection to the WindowServer, _CGSDefaultConnection() is NULL.
[1] "webshot complete"
[1] "cropping..."
[1] "1.371 is too big, trying again"
[1] "attempt number 2"
_RegisterApplication(), FAILED TO establish the default connection to the WindowServer, _CGSDefaultConnection() is NULL.
[1] "webshot complete"
[1] "cropping..."
[1] "resizing..."
[1] "optipng compression..."
[1] "----------------------------------------------------------"
[1] "Attempting HCHAR27 5 of 100"
[1] "HCHAR27 failed"
[1] "----------------------------------------------------------"
[1] "Attempting ARUIZ10 6 of 100"
[1] "number of words = 350"
[1] "attempt number 1"
_RegisterApplication(), FAILED TO establish the default connection to the WindowServer, _CGSDefaultConnection() is NULL.
[1] "webshot complete"
[1] "cropping..."
[1] "resizing..."
[1] "optipng compression..."
[1] "----------------------------------------------------------"
[1] "Attempting MPITT84 7 of 100"
[1] "number of words = 48"
[1] "attempt number 1"
_RegisterApplication(), FAILED TO establish the default connection to the WindowServer, _CGSDefaultConnection() is NULL.
[1] "webshot complete"
[1] "cropping..."
[1] "resizing..."
[1] "optipng compression..."
[1] "----------------------------------------------------------"
[1] "Attempting TMIYA91 8 of 100"
[1] "number of words = 185"
[1] "attempt number 1"
_RegisterApplication(), FAILED TO establish the default connection to the WindowServer, _CGSDefaultConnection() is NULL.
[1] "webshot complete"
[1] "cropping..."
[1] "1.557 is too big, trying again"
[1] "attempt number 2"
_RegisterApplication(), FAILED TO establish the default connection to the WindowServer, _CGSDefaultConnection() is NULL.
[1] "webshot complete"
[1] "cropping..."
[1] "resizing..."
[1] "optipng compression..."
[1] "----------------------------------------------------------"
[1] "Attempting HCHAN41 9 of 100"
[1] "https://discovery.ucl.ac.uk/view/people/HCHAN41.html non-existant"
[1] "NA page could not be read"
Error in if (nrow(freq) < 20) freq <- NULL : argument is of length zero
Calls: source -> withVisible -> eval -> eval
Execution halted
