
R version 3.6.3 (2020-02-29) -- "Holding the Windsock"
Copyright (C) 2020 The R Foundation for Statistical Computing
Platform: x86_64-apple-darwin15.6.0 (64-bit)

R is free software and comes with ABSOLUTELY NO WARRANTY.
You are welcome to redistribute it under certain conditions.
Type 'license()' or 'licence()' for distribution details.

  Natural language support but running in an English locale

R is a collaborative project with many contributors.
Type 'contributors()' for more information and
'citation()' on how to cite R or R packages in publications.

Type 'demo()' for some demos, 'help()' for on-line help, or
'help.start()' for an HTML browser interface to help.
Type 'q()' to quit R.

> #-------------------------------------------------------------------------------------------
> # Single script to run all other required R scripts, so can be envoked automatically on server using CRON
> #-------------------------------------------------------------------------------------------
> source('boilerplate.R')
Loading required package: SemNetDictionaries

SemNetDictionaries 
For help getting started, see <https://doi.org/10.31234/osf.io/eht87> 

 Submit your own dictionary and moniker glossaries to:
 <https://github.com/AlexChristensen/SemNetDictionaries/issues/new/choose>

SemNetCleaner 
For help getting started, see <https://doi.org/10.31234/osf.io/eht87> 
 For bugs and errors, submit an issue to <https://github.com/AlexChristensen/SemNetCleaner/issues>

WARNING: There have been major updates to the SemNetCleaner package.
 Please see 'Package NEWS' for a detailed list of updates (see 'Changes in version 1.2.0')

> install_phantomjs(force = TRUE)
  % Total    % Received % Xferd  Average Speed   Time    Time     Time  Current
                                 Dload  Upload   Total   Spent    Left  Speed
  0     0    0     0    0     0      0      0 --:--:-- --:--:-- --:--:--     0  0     0    0     0    0     0      0      0 --:--:-- --:--:-- --:--:--     0100   663  100   663    0     0   1493      0 --:--:-- --:--:-- --:--:--  1493
  1 16.3M    1  175k    0     0   146k      0  0:01:54  0:00:01  0:01:53  146k 65 16.3M   65 10.7M    0     0  5121k      0  0:00:03  0:00:02  0:00:01 11.1M100 16.3M  100 16.3M    0     0  7094k      0  0:00:02  0:00:02 --:--:-- 13.9M
phantomjs has been installed to /Users/adrian/Library/Application Support/PhantomJS
> 
> #ud_model <- udpipe_download_model(language = "english", model_dir='../tools/data')
> #ud_model <- udpipe_load_model(ud_model$file_model)
> ud_model <- udpipe_load_model('../tools/data/english-ewt-ud-2.5-191206.udpipe')
> #-------------------------------------------------------------------------------------------
> correction.tidy()
> Sys.time()
[1] "2022-04-26 13:59:09 BST"
> source('generate list of UPIs.R')
> Sys.time()
[1] "2022-04-26 13:59:10 BST"
> source('generate wordcloud for each UPI.R')
[1] "6028 UPIs still to do"
[1] "----------------------------------------------------------"
[1] "Attempting PJCAV00 1 of 2"
[1] "number of words = 75"
[1] "attempt number 1"
[1] "webshot complete"
[1] "cropping..."
[1] "1.656 is too big, trying again"
[1] "attempt number 2"
[1] "webshot complete"
[1] "cropping..."
[1] "resizing..."
[1] "optipng compression..."
[1] "----------------------------------------------------------"
[1] "Attempting HGTMA52 2 of 2"
[1] "HGTMA52 failed"
> Sys.time()
[1] "2022-04-26 13:59:56 BST"
> source('generate list of department codes.R')
> Sys.time()
[1] "2022-04-26 14:00:36 BST"
> source('generate wordcloud for each department.R')
[1] "7 departments still to do"
[1] "----------------------------------------------------------"
[1] "Attempting B03 1 of 10"
[1] "pulling data for B03 ......."
