
R version 3.6.3 (2020-02-29) -- "Holding the Windsock"
Copyright (C) 2020 The R Foundation for Statistical Computing
Platform: x86_64-apple-darwin15.6.0 (64-bit)

R is free software and comes with ABSOLUTELY NO WARRANTY.
You are welcome to redistribute it under certain conditions.
Type 'license()' or 'licence()' for distribution details.

  Natural language support but running in an English locale

R is a collaborative project with many contributors.
Type 'contributors()' for more information and
'citation()' on how to cite R or R packages in publications.

Type 'demo()' for some demos, 'help()' for on-line help, or
'help.start()' for an HTML browser interface to help.
Type 'q()' to quit R.

> #-------------------------------------------------------------------------------------------
> # Single script to run all other required R scripts, so can be envoked automatically on server using CRON
> #-------------------------------------------------------------------------------------------
> source('boilerplate.R')
Loading required package: SemNetDictionaries

SemNetDictionaries 
For help getting started, see <https://doi.org/10.31234/osf.io/eht87> 

 Submit your own dictionary and moniker glossaries to:
 <https://github.com/AlexChristensen/SemNetDictionaries/issues/new/choose>

SemNetCleaner 
For help getting started, see <https://doi.org/10.31234/osf.io/eht87> 
 For bugs and errors, submit an issue to <https://github.com/AlexChristensen/SemNetCleaner/issues>

WARNING: There have been major updates to the SemNetCleaner package.
 Please see 'Package NEWS' for a detailed list of updates (see 'Changes in version 1.2.0')

> install_phantomjs(force = TRUE)
  % Total    % Received % Xferd  Average Speed   Time    Time     Time  Current
                                 Dload  Upload   Total   Spent    Left  Speed
  0     0    0     0    0     0      0      0 --:--:-- --:--:-- --:--:--     0  0     0    0     0    0     0      0      0 --:--:-- --:--:-- --:--:--     0100   663  100   663    0     0   1558      0 --:--:-- --:--:-- --:--:--  1556
 49 16.3M   49 8208k    0     0  6250k      0  0:00:02  0:00:01  0:00:01 6250k100 16.3M  100 16.3M    0     0  8746k      0  0:00:01  0:00:01 --:--:-- 13.8M
phantomjs has been installed to /Users/admin/Library/Application Support/PhantomJS
> 
> #ud_model <- udpipe_download_model(language = "english", model_dir='../tools/data')
> #ud_model <- udpipe_load_model(ud_model$file_model)
> ud_model <- udpipe_load_model('../tools/data/english-ewt-ud-2.5-191206.udpipe')
> #-------------------------------------------------------------------------------------------
> correction.tidy()
> Sys.time()
[1] "2022-04-26 16:54:15 BST"
> source('generate list of UPIs.R')
> Sys.time()
[1] "2022-04-26 16:54:16 BST"
> source('generate wordcloud for each UPI.R')
[1] "6023 UPIs still to do"
[1] "----------------------------------------------------------"
[1] "Attempting MABOE06 1 of 2"
[1] "number of words = 47"
[1] "attempt number 1"
[1] "webshot complete"
[1] "cropping..."
[1] "1.518 is too small, trying again"
[1] "attempt number 2"
[1] "webshot complete"
[1] "cropping..."
[1] "resizing..."
[1] "optipng compression..."
[1] "----------------------------------------------------------"
[1] "Attempting MCGON66 2 of 2"
[1] "number of words = 77"
[1] "attempt number 1"
[1] "webshot complete"
[1] "cropping..."
[1] "1.456 is too small, trying again"
[1] "attempt number 2"
[1] "webshot complete"
[1] "cropping..."
[1] "resizing..."
[1] "optipng compression..."
> Sys.time()
[1] "2022-04-26 16:55:30 BST"
> source('generate list of department codes.R')
> Sys.time()
[1] "2022-04-26 16:56:12 BST"
> source('generate wordcloud for each department.R')
[1] "5 departments still to do"
[1] "----------------------------------------------------------"
[1] "Attempting K27 1 of 1"
[1] "pulling data for K27 ......."
[1] "K27 has less than 10 publications. Added to the exclusion list"
> Sys.time()
[1] "2022-04-26 16:56:14 BST"
> #-------------------------------------------------------------------------------------------
> 
> #-------------------------------------------------------------------------------------------
> 
> 
> 
> 
> 
> 
> 
> 
> 
> 
> 
> 
> 
> 
> 
> 
> 
> 
> 
> 
> proc.time()
   user  system elapsed 
 65.120  19.047 126.207 
