
R version 3.6.3 (2020-02-29) -- "Holding the Windsock"
Copyright (C) 2020 The R Foundation for Statistical Computing
Platform: x86_64-apple-darwin15.6.0 (64-bit)

R is free software and comes with ABSOLUTELY NO WARRANTY.
You are welcome to redistribute it under certain conditions.
Type 'license()' or 'licence()' for distribution details.

  Natural language support but running in an English locale

R is a collaborative project with many contributors.
Type 'contributors()' for more information and
'citation()' on how to cite R or R packages in publications.

Type 'demo()' for some demos, 'help()' for on-line help, or
'help.start()' for an HTML browser interface to help.
Type 'q()' to quit R.

> #-------------------------------------------------------------------------------------------
> # Single script to run all other required R scripts, so can be envoked automatically on server using CRON
> #-------------------------------------------------------------------------------------------
> source('boilerplate.R')
Loading required package: SemNetDictionaries

SemNetDictionaries 
For help getting started, see <https://doi.org/10.31234/osf.io/eht87> 

 Submit your own dictionary and moniker glossaries to:
 <https://github.com/AlexChristensen/SemNetDictionaries/issues/new/choose>

SemNetCleaner 
For help getting started, see <https://doi.org/10.31234/osf.io/eht87> 
 For bugs and errors, submit an issue to <https://github.com/AlexChristensen/SemNetCleaner/issues>

WARNING: There have been major updates to the SemNetCleaner package.
 Please see 'Package NEWS' for a detailed list of updates (see 'Changes in version 1.2.0')

> install_phantomjs(force = TRUE)
  % Total    % Received % Xferd  Average Speed   Time    Time     Time  Current
                                 Dload  Upload   Total   Spent    Left  Speed
  0     0    0     0    0     0      0      0 --:--:-- --:--:-- --:--:--     0  0     0    0     0    0     0      0      0 --:--:-- --:--:-- --:--:--     0  0     0    0     0    0     0      0      0 --:--:-- --:--:-- --:--:--     0
100 16.3M  100 16.3M    0     0  13.4M      0  0:00:01  0:00:01 --:--:-- 13.4M
phantomjs has been installed to /Users/admin/Library/Application Support/PhantomJS
> 
> #ud_model <- udpipe_download_model(language = "english", model_dir='../tools/data')
> #ud_model <- udpipe_load_model(ud_model$file_model)
> ud_model <- udpipe_load_model('../tools/data/english-ewt-ud-2.5-191206.udpipe')
> #-------------------------------------------------------------------------------------------
> #correction.tidy()
> Sys.time()
[1] "2023-04-10 02:15:09 BST"
> source('generate list of UPIs.R')
> Sys.time()
[1] "2023-04-10 02:15:11 BST"
> source('generate wordcloud for each UPI.R')
[1] "193 UPIs still to do"
[1] "----------------------------------------------------------"
[1] "Attempting RECKE66 1 of 100"
[1] "number of words = 70"
[1] "attempt number 1"
_RegisterApplication(), FAILED TO establish the default connection to the WindowServer, _CGSDefaultConnection() is NULL.
[1] "webshot complete"
[1] "cropping..."
[1] "resizing..."
[1] "optipng compression..."
[1] "----------------------------------------------------------"
[1] "Attempting KKHAN96 2 of 100"
[1] "number of words = 53"
[1] "attempt number 1"
_RegisterApplication(), FAILED TO establish the default connection to the WindowServer, _CGSDefaultConnection() is NULL.
[1] "webshot complete"
[1] "cropping..."
[1] "resizing..."
[1] "optipng compression..."
[1] "----------------------------------------------------------"
[1] "Attempting LBALD29 3 of 100"
[1] "LBALD29 failed"
[1] "----------------------------------------------------------"
[1] "Attempting SKMOR44 4 of 100"
[1] "SKMOR44 failed"
[1] "----------------------------------------------------------"
[1] "Attempting JLAFO26 5 of 100"
[1] "JLAFO26 failed"
[1] "----------------------------------------------------------"
[1] "Attempting LNICK92 6 of 100"
[1] "number of words = 45"
[1] "attempt number 1"
_RegisterApplication(), FAILED TO establish the default connection to the WindowServer, _CGSDefaultConnection() is NULL.
[1] "webshot complete"
[1] "cropping..."
[1] "resizing..."
[1] "optipng compression..."
[1] "----------------------------------------------------------"
[1] "Attempting CRLIN11 7 of 100"
[1] "CRLIN11 failed"
[1] "----------------------------------------------------------"
[1] "Attempting NCONN12 8 of 100"
[1] "NCONN12 failed"
[1] "----------------------------------------------------------"
[1] "Attempting JHANS37 9 of 100"
[1] "JHANS37 failed"
[1] "----------------------------------------------------------"
[1] "Attempting MANAB50 10 of 100"
[1] "MANAB50 failed"
[1] "----------------------------------------------------------"
[1] "Attempting EJLAV95 11 of 100"
[1] "number of words = 82"
[1] "attempt number 1"
_RegisterApplication(), FAILED TO establish the default connection to the WindowServer, _CGSDefaultConnection() is NULL.
[1] "webshot complete"
[1] "cropping..."
[1] "resizing..."
[1] "optipng compression..."
[1] "----------------------------------------------------------"
[1] "Attempting JMITC05 12 of 100"
[1] "JMITC05 failed"
[1] "----------------------------------------------------------"
[1] "Attempting YZHUK30 13 of 100"
[1] "number of words = 32"
[1] "attempt number 1"
_RegisterApplication(), FAILED TO establish the default connection to the WindowServer, _CGSDefaultConnection() is NULL.
[1] "webshot complete"
[1] "cropping..."
[1] "1.555 is too small, trying again"
[1] "attempt number 2"
_RegisterApplication(), FAILED TO establish the default connection to the WindowServer, _CGSDefaultConnection() is NULL.
[1] "webshot complete"
[1] "cropping..."
[1] "resizing..."
[1] "optipng compression..."
[1] "----------------------------------------------------------"
[1] "Attempting TDUXX93 14 of 100"
[1] "TDUXX93 failed"
[1] "----------------------------------------------------------"
[1] "Attempting ACDEL27 15 of 100"
[1] "number of words = 98"
[1] "attempt number 1"
_RegisterApplication(), FAILED TO establish the default connection to the WindowServer, _CGSDefaultConnection() is NULL.
[1] "webshot complete"
[1] "cropping..."
[1] "ratio poor, trying again"
[1] "attempt number 2"
_RegisterApplication(), FAILED TO establish the default connection to the WindowServer, _CGSDefaultConnection() is NULL.
[1] "webshot complete"
[1] "cropping..."
[1] "resizing..."
[1] "optipng compression..."
[1] "----------------------------------------------------------"
[1] "Attempting ZWANG24 16 of 100"
[1] "ZWANG24 failed"
[1] "----------------------------------------------------------"
[1] "Attempting KREZA20 17 of 100"
[1] "number of words = 73"
[1] "attempt number 1"
_RegisterApplication(), FAILED TO establish the default connection to the WindowServer, _CGSDefaultConnection() is NULL.
[1] "webshot complete"
[1] "cropping..."
[1] "resizing..."
[1] "optipng compression..."
[1] "----------------------------------------------------------"
[1] "Attempting GEVAL87 18 of 100"
[1] "number of words = 31"
[1] "attempt number 1"
_RegisterApplication(), FAILED TO establish the default connection to the WindowServer, _CGSDefaultConnection() is NULL.
[1] "webshot complete"
[1] "cropping..."
[1] "ratio poor, trying again"
[1] "attempt number 2"
_RegisterApplication(), FAILED TO establish the default connection to the WindowServer, _CGSDefaultConnection() is NULL.
[1] "webshot complete"
[1] "cropping..."
[1] "resizing..."
[1] "optipng compression..."
[1] "----------------------------------------------------------"
[1] "Attempting NRNTY78 19 of 100"
[1] "NRNTY78 failed"
[1] "----------------------------------------------------------"
[1] "Attempting RFGAL56 20 of 100"
[1] "RFGAL56 failed"
[1] "----------------------------------------------------------"
[1] "Attempting OFARA68 21 of 100"
[1] "OFARA68 failed"
[1] "----------------------------------------------------------"
[1] "Attempting JMKOL12 22 of 100"
[1] "JMKOL12 failed"
[1] "----------------------------------------------------------"
[1] "Attempting FDIMA70 23 of 100"
[1] "number of words = 92"
[1] "attempt number 1"
_RegisterApplication(), FAILED TO establish the default connection to the WindowServer, _CGSDefaultConnection() is NULL.
[1] "webshot complete"
[1] "cropping..."
[1] "1.37 is too small, trying again"
[1] "attempt number 2"
_RegisterApplication(), FAILED TO establish the default connection to the WindowServer, _CGSDefaultConnection() is NULL.
[1] "webshot complete"
[1] "cropping..."
[1] "resizing..."
[1] "optipng compression..."
[1] "----------------------------------------------------------"
[1] "Attempting TLHAS17 24 of 100"
[1] "number of words = 25"
[1] "attempt number 1"
_RegisterApplication(), FAILED TO establish the default connection to the WindowServer, _CGSDefaultConnection() is NULL.
[1] "webshot complete"
[1] "cropping..."
[1] "resizing..."
[1] "optipng compression..."
[1] "----------------------------------------------------------"
[1] "Attempting TTDEI18 25 of 100"
[1] "TTDEI18 failed"
[1] "----------------------------------------------------------"
[1] "Attempting MALUB54 26 of 100"
[1] "MALUB54 failed"
[1] "----------------------------------------------------------"
[1] "Attempting BOLTO07 27 of 100"
[1] "number of words = 89"
[1] "attempt number 1"
_RegisterApplication(), FAILED TO establish the default connection to the WindowServer, _CGSDefaultConnection() is NULL.
[1] "webshot complete"
[1] "cropping..."
[1] "ratio poor, trying again"
[1] "attempt number 2"
_RegisterApplication(), FAILED TO establish the default connection to the WindowServer, _CGSDefaultConnection() is NULL.
[1] "webshot complete"
[1] "cropping..."
[1] "ratio poor, trying again"
[1] "attempt number 3"
_RegisterApplication(), FAILED TO establish the default connection to the WindowServer, _CGSDefaultConnection() is NULL.
[1] "webshot complete"
[1] "cropping..."
[1] "resizing..."
[1] "optipng compression..."
[1] "----------------------------------------------------------"
[1] "Attempting CPEAS90 28 of 100"
[1] "https://discovery.ucl.ac.uk/view/people/CPEAS90.html non-existant"
[1] "NA page could not be read"
Error in if (nrow(freq) < 20) freq <- NULL : argument is of length zero
Calls: source -> withVisible -> eval -> eval
Execution halted
